stm32f1xx_it.c:58:6:NMI_Handler	4	static
stm32f1xx_it.c:67:6:HardFault_Handler	4	static
stm32f1xx_it.c:80:6:MemManage_Handler	4	static
stm32f1xx_it.c:93:6:BusFault_Handler	4	static
stm32f1xx_it.c:106:6:UsageFault_Handler	4	static
stm32f1xx_it.c:119:6:SVC_Handler	4	static
stm32f1xx_it.c:128:6:DebugMon_Handler	4	static
stm32f1xx_it.c:137:6:PendSV_Handler	4	static
stm32f1xx_it.c:146:6:SysTick_Handler	8	static
stm32f1xx_it.c:162:6:EXTI15_10_IRQHandler	8	static
stm32f1xx_it.c:184:6:USART2_IRQHandler	16	static
