Archive member included to satisfy reference by file (symbol)

c:/program files (x86)/atollic/truestudio for stm32 9.3.0/armtools/bin/../lib/gcc/arm-atollic-eabi/6.3.1/../../../../arm-atollic-eabi/lib/armv7-m\libc_nano.a(lib_a-init.o)
                              src\startup_stm32f10x_md.o (__libc_init_array)
c:/program files (x86)/atollic/truestudio for stm32 9.3.0/armtools/bin/../lib/gcc/arm-atollic-eabi/6.3.1/../../../../arm-atollic-eabi/lib/armv7-m\libc_nano.a(lib_a-strlen.o)
                              src\tiny_printf.o (strlen)
c:/program files (x86)/atollic/truestudio for stm32 9.3.0/armtools/bin/../lib/gcc/arm-atollic-eabi/6.3.1/../../../../arm-atollic-eabi/lib/armv7-m\libnosys.a(write.o)
                              src\tiny_printf.o (_write)
c:/program files (x86)/atollic/truestudio for stm32 9.3.0/armtools/bin/../lib/gcc/arm-atollic-eabi/6.3.1/../../../../arm-atollic-eabi/lib/armv7-m\libnosys.a(errno.o)
                              c:/program files (x86)/atollic/truestudio for stm32 9.3.0/armtools/bin/../lib/gcc/arm-atollic-eabi/6.3.1/../../../../arm-atollic-eabi/lib/armv7-m\libnosys.a(write.o) (errno)

Allocating common symbols
Common symbol       size              file

errno               0x4               c:/program files (x86)/atollic/truestudio for stm32 9.3.0/armtools/bin/../lib/gcc/arm-atollic-eabi/6.3.1/../../../../arm-atollic-eabi/lib/armv7-m\libnosys.a(errno.o)

Discarded input sections

 .text          0x00000000        0x0 c:/program files (x86)/atollic/truestudio for stm32 9.3.0/armtools/bin/../lib/gcc/arm-atollic-eabi/6.3.1/armv7-m/crti.o
 .data          0x00000000        0x0 c:/program files (x86)/atollic/truestudio for stm32 9.3.0/armtools/bin/../lib/gcc/arm-atollic-eabi/6.3.1/armv7-m/crti.o
 .bss           0x00000000        0x0 c:/program files (x86)/atollic/truestudio for stm32 9.3.0/armtools/bin/../lib/gcc/arm-atollic-eabi/6.3.1/armv7-m/crti.o
 .data          0x00000000        0x4 c:/program files (x86)/atollic/truestudio for stm32 9.3.0/armtools/bin/../lib/gcc/arm-atollic-eabi/6.3.1/armv7-m/crtbegin.o
 .text          0x00000000        0x0 Libraries\STM32F10x_StdPeriph_Driver\src\misc.o
 .data          0x00000000        0x0 Libraries\STM32F10x_StdPeriph_Driver\src\misc.o
 .bss           0x00000000        0x0 Libraries\STM32F10x_StdPeriph_Driver\src\misc.o
 .text.NVIC_SetVectorTable
                0x00000000       0x2c Libraries\STM32F10x_StdPeriph_Driver\src\misc.o
 .text.NVIC_SystemLPConfig
                0x00000000       0x40 Libraries\STM32F10x_StdPeriph_Driver\src\misc.o
 .text.SysTick_CLKSourceConfig
                0x00000000       0x38 Libraries\STM32F10x_StdPeriph_Driver\src\misc.o
 .text          0x00000000        0x0 Libraries\STM32F10x_StdPeriph_Driver\src\stm32f10x_adc.o
 .data          0x00000000        0x0 Libraries\STM32F10x_StdPeriph_Driver\src\stm32f10x_adc.o
 .bss           0x00000000        0x0 Libraries\STM32F10x_StdPeriph_Driver\src\stm32f10x_adc.o
 .text.ADC_StructInit
                0x00000000       0x36 Libraries\STM32F10x_StdPeriph_Driver\src\stm32f10x_adc.o
 .text.ADC_DMACmd
                0x00000000       0x36 Libraries\STM32F10x_StdPeriph_Driver\src\stm32f10x_adc.o
 .text.ADC_ITConfig
                0x00000000       0x44 Libraries\STM32F10x_StdPeriph_Driver\src\stm32f10x_adc.o
 .text.ADC_GetSoftwareStartConvStatus
                0x00000000       0x2e Libraries\STM32F10x_StdPeriph_Driver\src\stm32f10x_adc.o
 .text.ADC_DiscModeChannelCountConfig
                0x00000000       0x42 Libraries\STM32F10x_StdPeriph_Driver\src\stm32f10x_adc.o
 .text.ADC_DiscModeCmd
                0x00000000       0x36 Libraries\STM32F10x_StdPeriph_Driver\src\stm32f10x_adc.o
 .text.ADC_ExternalTrigConvCmd
                0x00000000       0x36 Libraries\STM32F10x_StdPeriph_Driver\src\stm32f10x_adc.o
 .text.ADC_GetDualModeConversionValue
                0x00000000       0x14 Libraries\STM32F10x_StdPeriph_Driver\src\stm32f10x_adc.o
 .text.ADC_AutoInjectedConvCmd
                0x00000000       0x36 Libraries\STM32F10x_StdPeriph_Driver\src\stm32f10x_adc.o
 .text.ADC_InjectedDiscModeCmd
                0x00000000       0x36 Libraries\STM32F10x_StdPeriph_Driver\src\stm32f10x_adc.o
 .text.ADC_ExternalTrigInjectedConvConfig
                0x00000000       0x34 Libraries\STM32F10x_StdPeriph_Driver\src\stm32f10x_adc.o
 .text.ADC_ExternalTrigInjectedConvCmd
                0x00000000       0x36 Libraries\STM32F10x_StdPeriph_Driver\src\stm32f10x_adc.o
 .text.ADC_SoftwareStartInjectedConvCmd
                0x00000000       0x36 Libraries\STM32F10x_StdPeriph_Driver\src\stm32f10x_adc.o
 .text.ADC_GetSoftwareStartInjectedConvCmdStatus
                0x00000000       0x2e Libraries\STM32F10x_StdPeriph_Driver\src\stm32f10x_adc.o
 .text.ADC_InjectedChannelConfig
                0x00000000      0x120 Libraries\STM32F10x_StdPeriph_Driver\src\stm32f10x_adc.o
 .text.ADC_InjectedSequencerLengthConfig
[...]
Memory Configuration

Name             Origin             Length             Attributes
FLASH            0x08000000         0x00020000         xr
RAM              0x20000000         0x00005000         xrw
MEMORY_B1        0x60000000         0x00000000         xr
*default*        0x00000000         0xffffffff

Linker script and memory map

LOAD c:/program files (x86)/atollic/truestudio for stm32 9.3.0/armtools/bin/../lib/gcc/arm-atollic-eabi/6.3.1/armv7-m/crti.o
LOAD c:/program files (x86)/atollic/truestudio for stm32 9.3.0/armtools/bin/../lib/gcc/arm-atollic-eabi/6.3.1/armv7-m/crtbegin.o
LOAD Libraries\STM32F10x_StdPeriph_Driver\src\misc.o
LOAD Libraries\STM32F10x_StdPeriph_Driver\src\stm32f10x_adc.o
LOAD Libraries\STM32F10x_StdPeriph_Driver\src\stm32f10x_bkp.o
LOAD Libraries\STM32F10x_StdPeriph_Driver\src\stm32f10x_can.o
LOAD Libraries\STM32F10x_StdPeriph_Driver\src\stm32f10x_cec.o
LOAD Libraries\STM32F10x_StdPeriph_Driver\src\stm32f10x_crc.o
LOAD Libraries\STM32F10x_StdPeriph_Driver\src\stm32f10x_dac.o
LOAD Libraries\STM32F10x_StdPeriph_Driver\src\stm32f10x_dbgmcu.o
LOAD Libraries\STM32F10x_StdPeriph_Driver\src\stm32f10x_dma.o
LOAD Libraries\STM32F10x_StdPeriph_Driver\src\stm32f10x_exti.o
LOAD Libraries\STM32F10x_StdPeriph_Driver\src\stm32f10x_flash.o
LOAD Libraries\STM32F10x_StdPeriph_Driver\src\stm32f10x_fsmc.o
LOAD Libraries\STM32F10x_StdPeriph_Driver\src\stm32f10x_gpio.o
LOAD Libraries\STM32F10x_StdPeriph_Driver\src\stm32f10x_i2c.o
LOAD Libraries\STM32F10x_StdPeriph_Driver\src\stm32f10x_iwdg.o
LOAD Libraries\STM32F10x_StdPeriph_Driver\src\stm32f10x_pwr.o
LOAD Libraries\STM32F10x_StdPeriph_Driver\src\stm32f10x_rcc.o
LOAD Libraries\STM32F10x_StdPeriph_Driver\src\stm32f10x_rtc.o
LOAD Libraries\STM32F10x_StdPeriph_Driver\src\stm32f10x_sdio.o
LOAD Libraries\STM32F10x_StdPeriph_Driver\src\stm32f10x_spi.o
LOAD Libraries\STM32F10x_StdPeriph_Driver\src\stm32f10x_tim.o
LOAD Libraries\STM32F10x_StdPeriph_Driver\src\stm32f10x_usart.o
LOAD Libraries\STM32F10x_StdPeriph_Driver\src\stm32f10x_wwdg.o
LOAD src\ADC_Functions.o
LOAD src\GPIO_Functions.o
LOAD src\NVIC_Functions.o
LOAD src\PWM_Functions.o
LOAD src\RCC_Functions.o
LOAD src\USART_Functions.o
LOAD src\main.o
LOAD src\startup_stm32f10x_md.o
LOAD src\stm32f1xx_it.o
LOAD src\system_stm32f10x.o
LOAD src\tiny_printf.o
                0x00000080                malloc_getpagesize_P = 0x80
START GROUP
LOAD c:/program files (x86)/atollic/truestudio for stm32 9.3.0/armtools/bin/../lib/gcc/arm-atollic-eabi/6.3.1/../../../../arm-atollic-eabi/lib/armv7-m\libc_nano.a
LOAD c:/program files (x86)/atollic/truestudio for stm32 9.3.0/armtools/bin/../lib/gcc/arm-atollic-eabi/6.3.1/../../../../arm-atollic-eabi/lib/armv7-m\libm.a
END GROUP
START GROUP
LOAD c:/program files (x86)/atollic/truestudio for stm32 9.3.0/armtools/bin/../lib/gcc/arm-atollic-eabi/6.3.1/armv7-m\libgcc.a
LOAD c:/program files (x86)/atollic/truestudio for stm32 9.3.0/armtools/bin/../lib/gcc/arm-atollic-eabi/6.3.1/../../../../arm-atollic-eabi/lib/armv7-m\libc_nano.a
END GROUP
START GROUP
LOAD c:/program files (x86)/atollic/truestudio for stm32 9.3.0/armtools/bin/../lib/gcc/arm-atollic-eabi/6.3.1/armv7-m\libgcc.a
LOAD c:/program files (x86)/atollic/truestudio for stm32 9.3.0/armtools/bin/../lib/gcc/arm-atollic-eabi/6.3.1/../../../../arm-atollic-eabi/lib/armv7-m\libc_nano.a
LOAD c:/program files (x86)/atollic/truestudio for stm32 9.3.0/armtools/bin/../lib/gcc/arm-atollic-eabi/6.3.1/../../../../arm-atollic-eabi/lib/armv7-m\libnosys.a
END GROUP
START GROUP
LOAD c:/program files (x86)/atollic/truestudio for stm32 9.3.0/armtools/bin/../lib/gcc/arm-atollic-eabi/6.3.1/armv7-m\libgcc.a
LOAD c:/program files (x86)/atollic/truestudio for stm32 9.3.0/armtools/bin/../lib/gcc/arm-atollic-eabi/6.3.1/../../../../arm-atollic-eabi/lib/armv7-m\libc_nano.a
LOAD c:/program files (x86)/atollic/truestudio for stm32 9.3.0/armtools/bin/../lib/gcc/arm-atollic-eabi/6.3.1/../../../../arm-atollic-eabi/lib/armv7-m\libnosys.a
END GROUP
LOAD c:/program files (x86)/atollic/truestudio for stm32 9.3.0/armtools/bin/../lib/gcc/arm-atollic-eabi/6.3.1/armv7-m/crtend.o
LOAD c:/program files (x86)/atollic/truestudio for stm32 9.3.0/armtools/bin/../lib/gcc/arm-atollic-eabi/6.3.1/armv7-m/crtn.o
                0x20005000                _estack = 0x20005000
                0x00000000                _Min_Heap_Size = 0x0
                0x00000100                _Min_Stack_Size = 0x100

.isr_vector     0x08000000      0x10c
                0x08000000                . = ALIGN (0x4)
 *(.isr_vector)
 .isr_vector    0x08000000      0x10c src\startup_stm32f10x_md.o
                0x08000000                g_pfnVectors
                0x0800010c                . = ALIGN (0x4)

.text           0x0800010c     0x1ec4
                0x0800010c                . = ALIGN (0x4)
 *(.text)
 .text          0x0800010c       0x40 c:/program files (x86)/atollic/truestudio for stm32 9.3.0/armtools/bin/../lib/gcc/arm-atollic-eabi/6.3.1/armv7-m/crtbegin.o
 *(.text*)
 .text.NVIC_PriorityGroupConfig
                0x0800014c       0x24 Libraries\STM32F10x_StdPeriph_Driver\src\misc.o
                0x0800014c                NVIC_PriorityGroupConfig
 .text.NVIC_Init
                0x08000170       0xc4 Libraries\STM32F10x_StdPeriph_Driver\src\misc.o
                0x08000170                NVIC_Init
 .text.ADC_DeInit
                0x08000234       0x74 Libraries\STM32F10x_StdPeriph_Driver\src\stm32f10x_adc.o
                0x08000234                ADC_DeInit
 .text.ADC_Init
                0x080002a8       0xa4 Libraries\STM32F10x_StdPeriph_Driver\src\stm32f10x_adc.o
                0x080002a8                ADC_Init
 .text.ADC_Cmd  0x0800034c       0x36 Libraries\STM32F10x_StdPeriph_Driver\src\stm32f10x_adc.o
                0x0800034c                ADC_Cmd
 .text.ADC_ResetCalibration
                0x08000382       0x1e Libraries\STM32F10x_StdPeriph_Driver\src\stm32f10x_adc.o
                0x08000382                ADC_ResetCalibration
 .text.ADC_GetResetCalibrationStatus
                0x080003a0       0x2e Libraries\STM32F10x_StdPeriph_Driver\src\stm32f10x_adc.o
                0x080003a0                ADC_GetResetCalibrationStatus
 .text.ADC_StartCalibration
                0x080003ce       0x1e Libraries\STM32F10x_StdPeriph_Driver\src\stm32f10x_adc.o
                0x080003ce                ADC_StartCalibration
 .text.ADC_GetCalibrationStatus
                0x080003ec       0x2e Libraries\STM32F10x_StdPeriph_Driver\src\stm32f10x_adc.o
                0x080003ec                ADC_GetCalibrationStatus
 .text.ADC_SoftwareStartConvCmd
                0x0800041a       0x36 Libraries\STM32F10x_StdPeriph_Driver\src\stm32f10x_adc.o
                0x0800041a                ADC_SoftwareStartConvCmd
 .text.ADC_RegularChannelConfig
                0x08000450      0x192 Libraries\STM32F10x_StdPeriph_Driver\src\stm32f10x_adc.o
                0x08000450                ADC_RegularChannelConfig
 .text.ADC_GetConversionValue
                0x080005e2       0x18 Libraries\STM32F10x_StdPeriph_Driver\src\stm32f10x_adc.o
                0x080005e2                ADC_GetConversionValue
 .text.ADC_GetFlagStatus
                0x080005fa       0x32 Libraries\STM32F10x_StdPeriph_Driver\src\stm32f10x_adc.o
                0x080005fa                ADC_GetFlagStatus
 .text.EXTI_Init
                0x0800062c       0xe4 Libraries\STM32F10x_StdPeriph_Driver\src\stm32f10x_exti.o
                0x0800062c                EXTI_Init
 .text.EXTI_GetITStatus
                0x08000710       0x48 Libraries\STM32F10x_StdPeriph_Driver\src\stm32f10x_exti.o
                0x08000710                EXTI_GetITStatus
 .text.GPIO_Init
                0x08000758      0x178 Libraries\STM32F10x_StdPeriph_Driver\src\stm32f10x_gpio.o
                0x08000758                GPIO_Init
 .text.GPIO_StructInit
                0x080008d0       0x26 Libraries\STM32F10x_StdPeriph_Driver\src\stm32f10x_gpio.o
                0x080008d0                GPIO_StructInit
 *fill*         0x080008f6        0x2 
 .text.GPIO_EXTILineConfig
                0x080008f8       0x84 Libraries\STM32F10x_StdPeriph_Driver\src\stm32f10x_gpio.o
                0x080008f8                GPIO_EXTILineConfig
 .text.RCC_DeInit
                0x0800097c       0x5c Libraries\STM32F10x_StdPeriph_Driver\src\stm32f10x_rcc.o
                0x0800097c                RCC_DeInit
 .text.RCC_ADCCLKConfig
                0x080009d8       0x38 Libraries\STM32F10x_StdPeriph_Driver\src\stm32f10x_rcc.o
                0x080009d8                RCC_ADCCLKConfig
 .text.RCC_GetClocksFreq
                0x08000a10      0x160 Libraries\STM32F10x_StdPeriph_Driver\src\stm32f10x_rcc.o
                0x08000a10                RCC_GetClocksFreq
 .text.RCC_APB2PeriphClockCmd
                0x08000b70       0x3c Libraries\STM32F10x_StdPeriph_Driver\src\stm32f10x_rcc.o
                0x08000b70                RCC_APB2PeriphClockCmd
 .text.RCC_APB1PeriphClockCmd
                0x08000bac       0x3c Libraries\STM32F10x_StdPeriph_Driver\src\stm32f10x_rcc.o
                0x08000bac                RCC_APB1PeriphClockCmd
 .text.RCC_APB2PeriphResetCmd
                0x08000be8       0x3c Libraries\STM32F10x_StdPeriph_Driver\src\stm32f10x_rcc.o
                0x08000be8                RCC_APB2PeriphResetCmd
 .text.TIM_TimeBaseInit
                0x08000c24       0xf8 Libraries\STM32F10x_StdPeriph_Driver\src\stm32f10x_tim.o
                0x08000c24                TIM_TimeBaseInit
 .text.TIM_OC2Init
                0x08000d1c      0x110 Libraries\STM32F10x_StdPeriph_Driver\src\stm32f10x_tim.o
                0x08000d1c                TIM_OC2Init
 .text.TIM_Cmd  0x08000e2c       0x3e Libraries\STM32F10x_StdPeriph_Driver\src\stm32f10x_tim.o
                0x08000e2c                TIM_Cmd
 .text.TIM_ARRPreloadConfig
                0x08000e6a       0x3e Libraries\STM32F10x_StdPeriph_Driver\src\stm32f10x_tim.o
                0x08000e6a                TIM_ARRPreloadConfig
 .text.TIM_OC2PreloadConfig
                0x08000ea8       0x3a Libraries\STM32F10x_StdPeriph_Driver\src\stm32f10x_tim.o
                0x08000ea8                TIM_OC2PreloadConfig
 .text.TIM_SetCompare2
                0x08000ee2       0x1c Libraries\STM32F10x_StdPeriph_Driver\src\stm32f10x_tim.o
                0x08000ee2                TIM_SetCompare2
 *fill*         0x08000efe        0x2 
 .text.USART_Init
                0x08000f00      0x174 Libraries\STM32F10x_StdPeriph_Driver\src\stm32f10x_usart.o
                0x08000f00                USART_Init
 .text.USART_StructInit
                0x08001074       0x38 Libraries\STM32F10x_StdPeriph_Driver\src\stm32f10x_usart.o
                0x08001074                USART_StructInit
 .text.USART_Cmd
                0x080010ac       0x3e Libraries\STM32F10x_StdPeriph_Driver\src\stm32f10x_usart.o
                0x080010ac                USART_Cmd
 .text.USART_ITConfig
                0x080010ea       0x8e Libraries\STM32F10x_StdPeriph_Driver\src\stm32f10x_usart.o
                0x080010ea                USART_ITConfig
 .text.USART_SendData
                0x08001178       0x22 Libraries\STM32F10x_StdPeriph_Driver\src\stm32f10x_usart.o
                0x08001178                USART_SendData
 .text.USART_ReceiveData
                0x0800119a       0x1e Libraries\STM32F10x_StdPeriph_Driver\src\stm32f10x_usart.o
                0x0800119a                USART_ReceiveData
 .text.USART_GetFlagStatus
                0x080011b8       0x36 Libraries\STM32F10x_StdPeriph_Driver\src\stm32f10x_usart.o
                0x080011b8                USART_GetFlagStatus
 .text.USART_ClearFlag
                0x080011ee       0x20 Libraries\STM32F10x_StdPeriph_Driver\src\stm32f10x_usart.o
                0x080011ee                USART_ClearFlag
 .text.USART_GetITStatus
                0x0800120e       0xb4 Libraries\STM32F10x_StdPeriph_Driver\src\stm32f10x_usart.o
                0x0800120e                USART_GetITStatus
 *fill*         0x080012c2        0x2 
 .text.ADC_Initialization
                0x080012c4       0x8c src\ADC_Functions.o
                0x080012c4                ADC_Initialization
 .text.ADC_GetValue
                0x08001350       0x4e src\ADC_Functions.o
                0x08001350                ADC_GetValue
 .text.GPIO_Initialization
                0x0800139e       0x80 src\GPIO_Functions.o
                0x0800139e                GPIO_Initialization
 *fill*         0x0800141e        0x2 
 .text.Pin_Mod  0x08001420      0x180 src\GPIO_Functions.o
                0x08001420                Pin_Mod
 .text.Pin_Clr  0x080015a0       0xb0 src\GPIO_Functions.o
                0x080015a0                Pin_Clr
 .text.NVIC_Initialization
                0x08001650       0x46 src\NVIC_Functions.o
                0x08001650                NVIC_Initialization
 *fill*         0x08001696        0x2 
 .text.PWM_Initialization
                0x08001698       0x64 src\PWM_Functions.o
                0x08001698                PWM_Initialization
 .text.RCC_Initialization
                0x080016fc       0x1e src\RCC_Functions.o
                0x080016fc                RCC_Initialization
 *fill*         0x0800171a        0x2 
 .text.USART_Initialization
                0x0800171c       0x5c src\USART_Functions.o
                0x0800171c                USART_Initialization
 .text.USART_Send
                0x08001778       0x4c src\USART_Functions.o
                0x08001778                USART_Send
 .text.main     0x080017c4       0xb4 src\main.o
                0x080017c4                main
 .text.MotorCtrl
                0x08001878      0x1b8 src\main.o
                0x08001878                MotorCtrl
 .text.Number_TO_String
                0x08001a30       0x28 src\main.o
                0x08001a30                Number_TO_String
 .text.Delay_normal
                0x08001a58       0x20 src\main.o
                0x08001a58                Delay_normal
 .text.Reset_Handler
                0x08001a78       0x50 src\startup_stm32f10x_md.o
                0x08001a78                Reset_Handler
 .text.Default_Handler
                0x08001ac8        0x2 src\startup_stm32f10x_md.o
                0x08001ac8                EXTI2_IRQHandler
                0x08001ac8                TIM1_CC_IRQHandler
                0x08001ac8                PVD_IRQHandler
                0x08001ac8                EXTI3_IRQHandler
                0x08001ac8                I2C2_EV_IRQHandler
                0x08001ac8                ADC1_2_IRQHandler
                0x08001ac8                SPI1_IRQHandler
                0x08001ac8                TAMPER_IRQHandler
                0x08001ac8                DMA1_Channel4_IRQHandler
                0x08001ac8                USART3_IRQHandler
                0x08001ac8                RTC_IRQHandler
                0x08001ac8                DMA1_Channel7_IRQHandler
                0x08001ac8                CAN1_RX1_IRQHandler
                0x08001ac8                TIM4_IRQHandler
                0x08001ac8                I2C1_EV_IRQHandler
                0x08001ac8                DMA1_Channel6_IRQHandler
                0x08001ac8                TIM3_IRQHandler
                0x08001ac8                RCC_IRQHandler
                0x08001ac8                TIM1_TRG_COM_IRQHandler
                0x08001ac8                DMA1_Channel1_IRQHandler
                0x08001ac8                Default_Handler
                0x08001ac8                EXTI15_10_IRQHandler
                0x08001ac8                EXTI9_5_IRQHandler
                0x08001ac8                SPI2_IRQHandler
                0x08001ac8                DMA1_Channel5_IRQHandler
                0x08001ac8                EXTI4_IRQHandler
                0x08001ac8                USB_LP_CAN1_RX0_IRQHandler
                0x08001ac8                USB_HP_CAN1_TX_IRQHandler
                0x08001ac8                DMA1_Channel3_IRQHandler
                0x08001ac8                TIM1_UP_IRQHandler
                0x08001ac8                WWDG_IRQHandler
                0x08001ac8                TIM2_IRQHandler
                0x08001ac8                TIM1_BRK_IRQHandler
                0x08001ac8                EXTI1_IRQHandler
                0x08001ac8                RTCAlarm_IRQHandler
                0x08001ac8                I2C2_ER_IRQHandler
                0x08001ac8                DMA1_Channel2_IRQHandler
                0x08001ac8                CAN1_SCE_IRQHandler
                0x08001ac8                FLASH_IRQHandler
                0x08001ac8                USART1_IRQHandler
                0x08001ac8                I2C1_ER_IRQHandler
                0x08001ac8                USBWakeUp_IRQHandler
 .text.NMI_Handler
                0x08001aca        0xc src\stm32f1xx_it.o
                0x08001aca                NMI_Handler
 .text.HardFault_Handler
                0x08001ad6        0x6 src\stm32f1xx_it.o
                0x08001ad6                HardFault_Handler
 .text.MemManage_Handler
                0x08001adc        0x6 src\stm32f1xx_it.o
                0x08001adc                MemManage_Handler
 .text.BusFault_Handler
                0x08001ae2        0x6 src\stm32f1xx_it.o
                0x08001ae2                BusFault_Handler
 .text.UsageFault_Handler
                0x08001ae8        0x6 src\stm32f1xx_it.o
                0x08001ae8                UsageFault_Handler
 *fill*         0x08001aee        0x2 
 .text.USART2_IRQHandler
                0x08001af0       0xbc src\stm32f1xx_it.o
                0x08001af0                USART2_IRQHandler
 .text.EXTI0_IRQHandler
                0x08001bac       0x34 src\stm32f1xx_it.o
                0x08001bac                EXTI0_IRQHandler
 .text.SVC_Handler
                0x08001be0        0xc src\stm32f1xx_it.o
                0x08001be0                SVC_Handler
 .text.DebugMon_Handler
                0x08001bec        0xc src\stm32f1xx_it.o
                0x08001bec                DebugMon_Handler
 .text.PendSV_Handler
                0x08001bf8        0xc src\stm32f1xx_it.o
                0x08001bf8                PendSV_Handler
 .text.SysTick_Handler
                0x08001c04        0xc src\stm32f1xx_it.o
                0x08001c04                SysTick_Handler
 .text.SystemInit
                0x08001c10       0x68 src\system_stm32f10x.o
                0x08001c10                SystemInit
 .text.SetSysClock
                0x08001c78        0xc src\system_stm32f10x.o
 .text.SetSysClockTo72
                0x08001c84      0x100 src\system_stm32f10x.o
 .text.ts_itoa  0x08001d84       0x90 src\tiny_printf.o
                0x08001d84                ts_itoa
 .text.ts_formatstring
                0x08001e14      0x12e src\tiny_printf.o
                0x08001e14                ts_formatstring
 .text.siprintf
                0x08001f42       0x2c src\tiny_printf.o
                0x08001f42                siprintf
                0x08001f42                sprintf
 *fill*         0x08001f6e        0x2 
 .text.__libc_init_array
                0x08001f70       0x48 c:/program files (x86)/atollic/truestudio for stm32 9.3.0/armtools/bin/../lib/gcc/arm-atollic-eabi/6.3.1/../../../../arm-atollic-eabi/lib/armv7-m\libc_nano.a(lib_a-init.o)
                0x08001f70                __libc_init_array
 *(.glue_7)
 .glue_7        0x08001fb8        0x0 linker stubs
 *(.glue_7t)
 .glue_7t       0x08001fb8        0x0 linker stubs
 *(.eh_frame)
 .eh_frame      0x08001fb8        0x0 c:/program files (x86)/atollic/truestudio for stm32 9.3.0/armtools/bin/../lib/gcc/arm-atollic-eabi/6.3.1/armv7-m/crtbegin.o
 *(.init)
 .init          0x08001fb8        0x4 c:/program files (x86)/atollic/truestudio for stm32 9.3.0/armtools/bin/../lib/gcc/arm-atollic-eabi/6.3.1/armv7-m/crti.o
                0x08001fb8                _init
 .init          0x08001fbc        0x8 c:/program files (x86)/atollic/truestudio for stm32 9.3.0/armtools/bin/../lib/gcc/arm-atollic-eabi/6.3.1/armv7-m/crtn.o
 *(.fini)
 .fini          0x08001fc4        0x4 c:/program files (x86)/atollic/truestudio for stm32 9.3.0/armtools/bin/../lib/gcc/arm-atollic-eabi/6.3.1/armv7-m/crti.o
                0x08001fc4                _fini
 .fini          0x08001fc8        0x8 c:/program files (x86)/atollic/truestudio for stm32 9.3.0/armtools/bin/../lib/gcc/arm-atollic-eabi/6.3.1/armv7-m/crtn.o
                0x08001fd0                . = ALIGN (0x4)
                0x08001fd0                _etext = .

.vfp11_veneer   0x08001fd0        0x0
 .vfp11_veneer  0x08001fd0        0x0 linker stubs

.v4_bx          0x08001fd0        0x0
 .v4_bx         0x08001fd0        0x0 linker stubs

.iplt           0x08001fd0        0x0
 .iplt          0x08001fd0        0x0 c:/program files (x86)/atollic/truestudio for stm32 9.3.0/armtools/bin/../lib/gcc/arm-atollic-eabi/6.3.1/armv7-m/crtbegin.o

.rodata         0x08001fd0       0x84
                0x08001fd0                . = ALIGN (0x4)
 *(.rodata)
 .rodata        0x08001fd0       0x37 src\main.o
 *fill*         0x08002007        0x1 
 .rodata        0x08002008       0x4c src\stm32f1xx_it.o
 *(.rodata*)
                0x08002054                . = ALIGN (0x4)

.rel.dyn        0x08002054        0x0
 .rel.iplt      0x08002054        0x0 c:/program files (x86)/atollic/truestudio for stm32 9.3.0/armtools/bin/../lib/gcc/arm-atollic-eabi/6.3.1/armv7-m/crtbegin.o

.ARM.extab
 *(.ARM.extab* .gnu.linkonce.armextab.*)

.ARM            0x08002054        0x0
                0x08002054                __exidx_start = .
 *(.ARM.exidx*)
                0x08002054                __exidx_end = .

.preinit_array  0x08002054        0x0
                0x08002054                PROVIDE (__preinit_array_start, .)
 *(.preinit_array*)
                0x08002054                PROVIDE (__preinit_array_end, .)

.init_array     0x08002054        0x4
                0x08002054                PROVIDE (__init_array_start, .)
 *(SORT(.init_array.*))
 *(.init_array*)
 .init_array    0x08002054        0x4 c:/program files (x86)/atollic/truestudio for stm32 9.3.0/armtools/bin/../lib/gcc/arm-atollic-eabi/6.3.1/armv7-m/crtbegin.o
                0x08002058                PROVIDE (__init_array_end, .)

.fini_array     0x08002058        0x4
                [!provide]                PROVIDE (__fini_array_start, .)
 *(SORT(.fini_array.*))
 *(.fini_array*)
 .fini_array    0x08002058        0x4 c:/program files (x86)/atollic/truestudio for stm32 9.3.0/armtools/bin/../lib/gcc/arm-atollic-eabi/6.3.1/armv7-m/crtbegin.o
                [!provide]                PROVIDE (__fini_array_end, .)
                0x0800205c                _sidata = LOADADDR (.data)

.data           0x20000000       0x14 load address 0x0800205c
                0x20000000                . = ALIGN (0x4)
                0x20000000                _sdata = .
 *(.data)
 *(.data*)
 .data.APBAHBPrescTable
                0x20000000       0x10 Libraries\STM32F10x_StdPeriph_Driver\src\stm32f10x_rcc.o
 .data.ADCPrescTable
                0x20000010        0x4 Libraries\STM32F10x_StdPeriph_Driver\src\stm32f10x_rcc.o
                0x20000014                . = ALIGN (0x4)
                0x20000014                _edata = .

.igot.plt       0x20000014        0x0 load address 0x08002070
 .igot.plt      0x20000014        0x0 c:/program files (x86)/atollic/truestudio for stm32 9.3.0/armtools/bin/../lib/gcc/arm-atollic-eabi/6.3.1/armv7-m/crtbegin.o
                0x20000014                . = ALIGN (0x4)

.bss            0x20000014       0x24 load address 0x08002070
                0x20000014                _sbss = .
                0x20000014                __bss_start__ = _sbss
 *(.bss)
 .bss           0x20000014       0x1c c:/program files (x86)/atollic/truestudio for stm32 9.3.0/armtools/bin/../lib/gcc/arm-atollic-eabi/6.3.1/armv7-m/crtbegin.o
 *(.bss*)
 .bss.POTdir    0x20000030        0x4 src\main.o
                0x20000030                POTdir
 .bss.string.6649
                0x20000034        0x3 src\main.o
 *(COMMON)
                0x20000038                . = ALIGN (0x4)
 *fill*         0x20000037        0x1 
                0x20000038                _ebss = .
                0x20000038                __bss_end__ = _ebss

._user_heap_stack
                0x20000038      0x100 load address 0x08002070
                0x20000038                . = ALIGN (0x4)
                [!provide]                PROVIDE (end, .)
                [!provide]                PROVIDE (_end, .)
                0x20000038                . = (. + _Min_Heap_Size)
                0x20000138                . = (. + _Min_Stack_Size)
 *fill*         0x20000038      0x100 
                0x20000138                . = ALIGN (0x4)

.memory_b1_text
 *(.mb1text)
 *(.mb1text*)
 *(.mb1rodata)
 *(.mb1rodata*)

/DISCARD/
 libc.a(*)
 libm.a(*)
 libgcc.a(*)

.ARM.attributes
                0x00000000       0x29
 *(.ARM.attributes)
 .ARM.attributes
                0x00000000       0x1d c:/program files (x86)/atollic/truestudio for stm32 9.3.0/armtools/bin/../lib/gcc/arm-atollic-eabi/6.3.1/armv7-m/crti.o
 .ARM.attributes
                0x0000001d       0x2d c:/program files (x86)/atollic/truestudio for stm32 9.3.0/armtools/bin/../lib/gcc/arm-atollic-eabi/6.3.1/armv7-m/crtbegin.o
 .ARM.attributes
                0x0000004a       0x33 Libraries\STM32F10x_StdPeriph_Driver\src\misc.o
 .ARM.attributes
                0x0000007d       0x33 Libraries\STM32F10x_StdPeriph_Driver\src\stm32f10x_adc.o
 .ARM.attributes
                0x000000b0       0x33 Libraries\STM32F10x_StdPeriph_Driver\src\stm32f10x_exti.o
 .ARM.attributes
                0x000000e3       0x33 Libraries\STM32F10x_StdPeriph_Driver\src\stm32f10x_gpio.o
 .ARM.attributes
                0x00000116       0x33 Libraries\STM32F10x_StdPeriph_Driver\src\stm32f10x_rcc.o
 .ARM.attributes
                0x00000149       0x33 Libraries\STM32F10x_StdPeriph_Driver\src\stm32f10x_tim.o
 .ARM.attributes
                0x0000017c       0x33 Libraries\STM32F10x_StdPeriph_Driver\src\stm32f10x_usart.o
 .ARM.attributes
                0x000001af       0x33 src\ADC_Functions.o
 .ARM.attributes
                0x000001e2       0x33 src\GPIO_Functions.o
 .ARM.attributes
                0x00000215       0x33 src\NVIC_Functions.o
 .ARM.attributes
                0x00000248       0x33 src\PWM_Functions.o
 .ARM.attributes
                0x0000027b       0x33 src\RCC_Functions.o
 .ARM.attributes
                0x000002ae       0x33 src\USART_Functions.o
 .ARM.attributes
                0x000002e1       0x33 src\main.o
 .ARM.attributes
                0x00000314       0x21 src\startup_stm32f10x_md.o
 .ARM.attributes
                0x00000335       0x33 src\stm32f1xx_it.o
 .ARM.attributes
                0x00000368       0x33 src\system_stm32f10x.o
 .ARM.attributes
                0x0000039b       0x33 src\tiny_printf.o
 .ARM.attributes
                0x000003ce       0x2d c:/program files (x86)/atollic/truestudio for stm32 9.3.0/armtools/bin/../lib/gcc/arm-atollic-eabi/6.3.1/../../../../arm-atollic-eabi/lib/armv7-m\libc_nano.a(lib_a-init.o)
 .ARM.attributes
                0x000003fb       0x1d c:/program files (x86)/atollic/truestudio for stm32 9.3.0/armtools/bin/../lib/gcc/arm-atollic-eabi/6.3.1/armv7-m/crtn.o
OUTPUT(SG90_Testing_Model-01.elf elf32-littlearm)

.debug_info     0x00000000     0x7bab
 .debug_info    0x00000000      0x54d Libraries\STM32F10x_StdPeriph_Driver\src\misc.o
 .debug_info    0x0000054d      0xb87 Libraries\STM32F10x_StdPeriph_Driver\src\stm32f10x_adc.o
 .debug_info    0x000010d4      0x360 Libraries\STM32F10x_StdPeriph_Driver\src\stm32f10x_exti.o
 .debug_info    0x00001434      0x701 Libraries\STM32F10x_StdPeriph_Driver\src\stm32f10x_gpio.o
 .debug_info    0x00001b35      0x8b2 Libraries\STM32F10x_StdPeriph_Driver\src\stm32f10x_rcc.o
 .debug_info    0x000023e7     0x1c6b Libraries\STM32F10x_StdPeriph_Driver\src\stm32f10x_tim.o
 .debug_info    0x00004052      0x9fb Libraries\STM32F10x_StdPeriph_Driver\src\stm32f10x_usart.o
 .debug_info    0x00004a4d      0x2fe src\ADC_Functions.o
 .debug_info    0x00004d4b      0x4a9 src\GPIO_Functions.o
 .debug_info    0x000051f4      0x29e src\NVIC_Functions.o
 .debug_info    0x00005492      0x415 src\PWM_Functions.o
 .debug_info    0x000058a7       0xe6 src\RCC_Functions.o
 .debug_info    0x0000598d      0x2ba src\USART_Functions.o
 .debug_info    0x00005c47      0x7a9 src\main.o
 .debug_info    0x000063f0       0xc6 src\startup_stm32f10x_md.o
 .debug_info    0x000064b6      0x5d6 src\stm32f1xx_it.o
 .debug_info    0x00006a8c      0x4a7 src\system_stm32f10x.o
 .debug_info    0x00006f33      0xc78 src\tiny_printf.o

.debug_abbrev   0x00000000     0x1904
 .debug_abbrev  0x00000000      0x172 Libraries\STM32F10x_StdPeriph_Driver\src\misc.o
 .debug_abbrev  0x00000172      0x1ab Libraries\STM32F10x_StdPeriph_Driver\src\stm32f10x_adc.o
 .debug_abbrev  0x0000031d      0x168 Libraries\STM32F10x_StdPeriph_Driver\src\stm32f10x_exti.o
 .debug_abbrev  0x00000485      0x1dd Libraries\STM32F10x_StdPeriph_Driver\src\stm32f10x_gpio.o
 .debug_abbrev  0x00000662      0x1cf Libraries\STM32F10x_StdPeriph_Driver\src\stm32f10x_rcc.o
 .debug_abbrev  0x00000831      0x1c3 Libraries\STM32F10x_StdPeriph_Driver\src\stm32f10x_tim.o
 .debug_abbrev  0x000009f4      0x18f Libraries\STM32F10x_StdPeriph_Driver\src\stm32f10x_usart.o
 .debug_abbrev  0x00000b83      0x127 src\ADC_Functions.o
 .debug_abbrev  0x00000caa      0x1dc src\GPIO_Functions.o
 .debug_abbrev  0x00000e86       0xe2 src\NVIC_Functions.o
 .debug_abbrev  0x00000f68       0xf3 src\PWM_Functions.o
 .debug_abbrev  0x0000105b       0x90 src\RCC_Functions.o
 .debug_abbrev  0x000010eb      0x146 src\USART_Functions.o
 .debug_abbrev  0x00001231      0x1a2 src\main.o
 .debug_abbrev  0x000013d3       0x12 src\startup_stm32f10x_md.o
 .debug_abbrev  0x000013e5      0x14f src\stm32f1xx_it.o
 .debug_abbrev  0x00001534      0x16e src\system_stm32f10x.o
 .debug_abbrev  0x000016a2      0x262 src\tiny_printf.o

.debug_aranges  0x00000000      0xa18
 .debug_aranges
                0x00000000       0x40 Libraries\STM32F10x_StdPeriph_Driver\src\misc.o
 .debug_aranges
                0x00000040      0x138 Libraries\STM32F10x_StdPeriph_Driver\src\stm32f10x_adc.o
 .debug_aranges
                0x00000178       0x58 Libraries\STM32F10x_StdPeriph_Driver\src\stm32f10x_exti.o
 .debug_aranges
                0x000001d0       0xa8 Libraries\STM32F10x_StdPeriph_Driver\src\stm32f10x_gpio.o
 .debug_aranges
                0x00000278      0x118 Libraries\STM32F10x_StdPeriph_Driver\src\stm32f10x_rcc.o
 .debug_aranges
                0x00000390      0x2f0 Libraries\STM32F10x_StdPeriph_Driver\src\stm32f10x_tim.o
 .debug_aranges
                0x00000680      0x100 Libraries\STM32F10x_StdPeriph_Driver\src\stm32f10x_usart.o
 .debug_aranges
                0x00000780       0x28 src\ADC_Functions.o
 .debug_aranges
                0x000007a8       0x60 src\GPIO_Functions.o
 .debug_aranges
                0x00000808       0x20 src\NVIC_Functions.o
 .debug_aranges
                0x00000828       0x20 src\PWM_Functions.o
 .debug_aranges
                0x00000848       0x20 src\RCC_Functions.o
 .debug_aranges
                0x00000868       0x28 src\USART_Functions.o
 .debug_aranges
                0x00000890       0x58 src\main.o
 .debug_aranges
                0x000008e8       0x28 src\startup_stm32f10x_md.o
 .debug_aranges
                0x00000910       0x70 src\stm32f1xx_it.o
 .debug_aranges
                0x00000980       0x38 src\system_stm32f10x.o
 .debug_aranges
                0x000009b8       0x60 src\tiny_printf.o

.debug_ranges   0x00000000      0x920
 .debug_ranges  0x00000000       0x30 Libraries\STM32F10x_StdPeriph_Driver\src\misc.o
 .debug_ranges  0x00000030      0x128 Libraries\STM32F10x_StdPeriph_Driver\src\stm32f10x_adc.o
 .debug_ranges  0x00000158       0x48 Libraries\STM32F10x_StdPeriph_Driver\src\stm32f10x_exti.o
 .debug_ranges  0x000001a0       0x98 Libraries\STM32F10x_StdPeriph_Driver\src\stm32f10x_gpio.o
 .debug_ranges  0x00000238      0x108 Libraries\STM32F10x_StdPeriph_Driver\src\stm32f10x_rcc.o
 .debug_ranges  0x00000340      0x2e0 Libraries\STM32F10x_StdPeriph_Driver\src\stm32f10x_tim.o
 .debug_ranges  0x00000620       0xf0 Libraries\STM32F10x_StdPeriph_Driver\src\stm32f10x_usart.o
 .debug_ranges  0x00000710       0x18 src\ADC_Functions.o
 .debug_ranges  0x00000728       0x50 src\GPIO_Functions.o
 .debug_ranges  0x00000778       0x10 src\NVIC_Functions.o
 .debug_ranges  0x00000788       0x10 src\PWM_Functions.o
 .debug_ranges  0x00000798       0x10 src\RCC_Functions.o
 .debug_ranges  0x000007a8       0x18 src\USART_Functions.o
 .debug_ranges  0x000007c0       0x48 src\main.o
 .debug_ranges  0x00000808       0x20 src\startup_stm32f10x_md.o
 .debug_ranges  0x00000828       0x80 src\stm32f1xx_it.o
 .debug_ranges  0x000008a8       0x28 src\system_stm32f10x.o
 .debug_ranges  0x000008d0       0x50 src\tiny_printf.o

.debug_line     0x00000000     0x3b49
 .debug_line    0x00000000      0x25c Libraries\STM32F10x_StdPeriph_Driver\src\misc.o
 .debug_line    0x0000025c      0x553 Libraries\STM32F10x_StdPeriph_Driver\src\stm32f10x_adc.o
 .debug_line    0x000007af      0x2bf Libraries\STM32F10x_StdPeriph_Driver\src\stm32f10x_exti.o
 .debug_line    0x00000a6e      0x3e9 Libraries\STM32F10x_StdPeriph_Driver\src\stm32f10x_gpio.o
 .debug_line    0x00000e57      0x4e4 Libraries\STM32F10x_StdPeriph_Driver\src\stm32f10x_rcc.o
 .debug_line    0x0000133b      0xb69 Libraries\STM32F10x_StdPeriph_Driver\src\stm32f10x_tim.o
 .debug_line    0x00001ea4      0x4cb Libraries\STM32F10x_StdPeriph_Driver\src\stm32f10x_usart.o
 .debug_line    0x0000236f      0x222 src\ADC_Functions.o
 .debug_line    0x00002591      0x34c src\GPIO_Functions.o
 .debug_line    0x000028dd      0x1eb src\NVIC_Functions.o
 .debug_line    0x00002ac8      0x1f7 src\PWM_Functions.o
 .debug_line    0x00002cbf      0x1ac src\RCC_Functions.o
 .debug_line    0x00002e6b      0x224 src\USART_Functions.o
 .debug_line    0x0000308f      0x2a9 src\main.o
 .debug_line    0x00003338       0x7c src\startup_stm32f10x_md.o
 .debug_line    0x000033b4      0x28c src\stm32f1xx_it.o
 .debug_line    0x00003640      0x24a src\system_stm32f10x.o
 .debug_line    0x0000388a      0x2bf src\tiny_printf.o

.debug_str      0x00000000     0x2e87
 .debug_str     0x00000000      0x429 Libraries\STM32F10x_StdPeriph_Driver\src\misc.o
                                0x47d (size before relaxing)
 .debug_str     0x00000429      0x550 Libraries\STM32F10x_StdPeriph_Driver\src\stm32f10x_adc.o
                                0x7ba (size before relaxing)
 .debug_str     0x00000979      0x1c0 Libraries\STM32F10x_StdPeriph_Driver\src\stm32f10x_exti.o
                                0x408 (size before relaxing)
 .debug_str     0x00000b39      0x377 Libraries\STM32F10x_StdPeriph_Driver\src\stm32f10x_gpio.o
                                0x5d8 (size before relaxing)
 .debug_str     0x00000eb0      0x44d Libraries\STM32F10x_StdPeriph_Driver\src\stm32f10x_rcc.o
                                0x6d9 (size before relaxing)
 .debug_str     0x000012fd      0xba8 Libraries\STM32F10x_StdPeriph_Driver\src\stm32f10x_tim.o
                                0xe9c (size before relaxing)
 .debug_str     0x00001ea5      0x423 Libraries\STM32F10x_StdPeriph_Driver\src\stm32f10x_usart.o
                                0x74f (size before relaxing)
 .debug_str     0x000022c8       0x37 src\ADC_Functions.o
                                0x375 (size before relaxing)
 .debug_str     0x000022ff       0xcc src\GPIO_Functions.o
                                0x509 (size before relaxing)
 .debug_str     0x000023cb      0x304 src\NVIC_Functions.o
                                0x5a3 (size before relaxing)
 .debug_str     0x000026cf       0x54 src\PWM_Functions.o
                                0x489 (size before relaxing)
 .debug_str     0x00002723       0x2a src\RCC_Functions.o
                                0x231 (size before relaxing)
 .debug_str     0x0000274d       0x4d src\USART_Functions.o
                                0x358 (size before relaxing)
 .debug_str     0x0000279a      0x105 src\main.o
                                0x4cf (size before relaxing)
 .debug_str     0x0000289f       0xe9 src\stm32f1xx_it.o
                                0x4aa (size before relaxing)
 .debug_str     0x00002988       0x7b src\system_stm32f10x.o
                                0x37a (size before relaxing)
 .debug_str     0x00002a03      0x484 src\tiny_printf.o
                                0x6b3 (size before relaxing)

.comment        0x00000000       0x7c
 .comment       0x00000000       0x7c Libraries\STM32F10x_StdPeriph_Driver\src\misc.o
                                 0x7d (size before relaxing)
 .comment       0x0000007c       0x7d Libraries\STM32F10x_StdPeriph_Driver\src\stm32f10x_adc.o
 .comment       0x0000007c       0x7d Libraries\STM32F10x_StdPeriph_Driver\src\stm32f10x_exti.o
 .comment       0x0000007c       0x7d Libraries\STM32F10x_StdPeriph_Driver\src\stm32f10x_gpio.o
 .comment       0x0000007c       0x7d Libraries\STM32F10x_StdPeriph_Driver\src\stm32f10x_rcc.o
 .comment       0x0000007c       0x7d Libraries\STM32F10x_StdPeriph_Driver\src\stm32f10x_tim.o
 .comment       0x0000007c       0x7d Libraries\STM32F10x_StdPeriph_Driver\src\stm32f10x_usart.o
 .comment       0x0000007c       0x7d src\ADC_Functions.o
 .comment       0x0000007c       0x7d src\GPIO_Functions.o
 .comment       0x0000007c       0x7d src\NVIC_Functions.o
 .comment       0x0000007c       0x7d src\PWM_Functions.o
 .comment       0x0000007c       0x7d src\RCC_Functions.o
 .comment       0x0000007c       0x7d src\USART_Functions.o
 .comment       0x0000007c       0x7d src\main.o
 .comment       0x0000007c       0x7d src\stm32f1xx_it.o
 .comment       0x0000007c       0x7d src\system_stm32f10x.o
 .comment       0x0000007c       0x7d src\tiny_printf.o

.debug_frame    0x00000000     0x29ec
 .debug_frame   0x00000000       0xd8 Libraries\STM32F10x_StdPeriph_Driver\src\misc.o
 .debug_frame   0x000000d8      0x5a4 Libraries\STM32F10x_StdPeriph_Driver\src\stm32f10x_adc.o
 .debug_frame   0x0000067c      0x148 Libraries\STM32F10x_StdPeriph_Driver\src\stm32f10x_exti.o
 .debug_frame   0x000007c4      0x2d0 Libraries\STM32F10x_StdPeriph_Driver\src\stm32f10x_gpio.o
 .debug_frame   0x00000a94      0x4f4 Libraries\STM32F10x_StdPeriph_Driver\src\stm32f10x_rcc.o
 .debug_frame   0x00000f88      0xe2c Libraries\STM32F10x_StdPeriph_Driver\src\stm32f10x_tim.o
 .debug_frame   0x00001db4      0x490 Libraries\STM32F10x_StdPeriph_Driver\src\stm32f10x_usart.o
 .debug_frame   0x00002244       0x58 src\ADC_Functions.o
 .debug_frame   0x0000229c      0x168 src\GPIO_Functions.o
 .debug_frame   0x00002404       0x34 src\NVIC_Functions.o
 .debug_frame   0x00002438       0x34 src\PWM_Functions.o
 .debug_frame   0x0000246c       0x2c src\RCC_Functions.o
 .debug_frame   0x00002498       0x58 src\USART_Functions.o
 .debug_frame   0x000024f0      0x12c src\main.o
 .debug_frame   0x0000261c      0x150 src\stm32f1xx_it.o
 .debug_frame   0x0000276c       0x98 src\system_stm32f10x.o
 .debug_frame   0x00002804      0x1bc src\tiny_printf.o
 .debug_frame   0x000029c0       0x2c c:/program files (x86)/atollic/truestudio for stm32 9.3.0/armtools/bin/../lib/gcc/arm-atollic-eabi/6.3.1/../../../../arm-atollic-eabi/lib/armv7-m\libc_nano.a(lib_a-init.o)

.stabstr        0x00000000       0x3f
 .stabstr       0x00000000       0x3f c:/program files (x86)/atollic/truestudio for stm32 9.3.0/armtools/bin/../lib/gcc/arm-atollic-eabi/6.3.1/../../../../arm-atollic-eabi/lib/armv7-m\libnosys.a(write.o)

Cross Reference Table

Symbol                                            File
ADC1_2_IRQHandler                                 src\startup_stm32f10x_md.o
ADC_AnalogWatchdogCmd                             Libraries\STM32F10x_StdPeriph_Driver\src\stm32f10x_adc.o
ADC_AnalogWatchdogSingleChannelConfig             Libraries\STM32F10x_StdPeriph_Driver\src\stm32f10x_adc.o
ADC_AnalogWatchdogThresholdsConfig                Libraries\STM32F10x_StdPeriph_Driver\src\stm32f10x_adc.o
ADC_AutoInjectedConvCmd                           Libraries\STM32F10x_StdPeriph_Driver\src\stm32f10x_adc.o
ADC_ClearFlag                                     Libraries\STM32F10x_StdPeriph_Driver\src\stm32f10x_adc.o
ADC_ClearITPendingBit                             Libraries\STM32F10x_StdPeriph_Driver\src\stm32f10x_adc.o
ADC_Cmd                                           Libraries\STM32F10x_StdPeriph_Driver\src\stm32f10x_adc.o
                                                  src\ADC_Functions.o
ADC_DMACmd                                        Libraries\STM32F10x_StdPeriph_Driver\src\stm32f10x_adc.o
ADC_DeInit                                        Libraries\STM32F10x_StdPeriph_Driver\src\stm32f10x_adc.o
                                                  src\ADC_Functions.o
ADC_DiscModeChannelCountConfig                    Libraries\STM32F10x_StdPeriph_Driver\src\stm32f10x_adc.o
ADC_DiscModeCmd                                   Libraries\STM32F10x_StdPeriph_Driver\src\stm32f10x_adc.o
ADC_ExternalTrigConvCmd                           Libraries\STM32F10x_StdPeriph_Driver\src\stm32f10x_adc.o
ADC_ExternalTrigInjectedConvCmd                   Libraries\STM32F10x_StdPeriph_Driver\src\stm32f10x_adc.o
ADC_ExternalTrigInjectedConvConfig                Libraries\STM32F10x_StdPeriph_Driver\src\stm32f10x_adc.o
ADC_GetCalibrationStatus                          Libraries\STM32F10x_StdPeriph_Driver\src\stm32f10x_adc.o
                                                  src\ADC_Functions.o
ADC_GetConversionValue                            Libraries\STM32F10x_StdPeriph_Driver\src\stm32f10x_adc.o
                                                  src\ADC_Functions.o
ADC_GetDualModeConversionValue                    Libraries\STM32F10x_StdPeriph_Driver\src\stm32f10x_adc.o
ADC_GetFlagStatus                                 Libraries\STM32F10x_StdPeriph_Driver\src\stm32f10x_adc.o
                                                  src\ADC_Functions.o
ADC_GetITStatus                                   Libraries\STM32F10x_StdPeriph_Driver\src\stm32f10x_adc.o
ADC_GetInjectedConversionValue                    Libraries\STM32F10x_StdPeriph_Driver\src\stm32f10x_adc.o
ADC_GetResetCalibrationStatus                     Libraries\STM32F10x_StdPeriph_Driver\src\stm32f10x_adc.o
                                                  src\ADC_Functions.o
ADC_GetSoftwareStartConvStatus                    Libraries\STM32F10x_StdPeriph_Driver\src\stm32f10x_adc.o
ADC_GetSoftwareStartInjectedConvCmdStatus         Libraries\STM32F10x_StdPeriph_Driver\src\stm32f10x_adc.o
ADC_GetValue                                      src\ADC_Functions.o
                                                  src\main.o
ADC_ITConfig                                      Libraries\STM32F10x_StdPeriph_Driver\src\stm32f10x_adc.o
ADC_Init                                          Libraries\STM32F10x_StdPeriph_Driver\src\stm32f10x_adc.o
                                                  src\ADC_Functions.o
ADC_Initialization                                src\ADC_Functions.o
                                                  src\main.o
ADC_InjectedChannelConfig                         Libraries\STM32F10x_StdPeriph_Driver\src\stm32f10x_adc.o
ADC_InjectedDiscModeCmd                           Libraries\STM32F10x_StdPeriph_Driver\src\stm32f10x_adc.o
ADC_InjectedSequencerLengthConfig                 Libraries\STM32F10x_StdPeriph_Driver\src\stm32f10x_adc.o
ADC_RegularChannelConfig                          Libraries\STM32F10x_StdPeriph_Driver\src\stm32f10x_adc.o
                                                  src\ADC_Functions.o
ADC_ResetCalibration                              Libraries\STM32F10x_StdPeriph_Driver\src\stm32f10x_adc.o
                                                  src\ADC_Functions.o
ADC_SetInjectedOffset                             Libraries\STM32F10x_StdPeriph_Driver\src\stm32f10x_adc.o
ADC_SoftwareStartConvCmd                          Libraries\STM32F10x_StdPeriph_Driver\src\stm32f10x_adc.o
                                                  src\ADC_Functions.o
ADC_SoftwareStartInjectedConvCmd                  Libraries\STM32F10x_StdPeriph_Driver\src\stm32f10x_adc.o
ADC_StartCalibration                              Libraries\STM32F10x_StdPeriph_Driver\src\stm32f10x_adc.o
                                                  src\ADC_Functions.o
ADC_StructInit                                    Libraries\STM32F10x_StdPeriph_Driver\src\stm32f10x_adc.o
ADC_TempSensorVrefintCmd                          Libraries\STM32F10x_StdPeriph_Driver\src\stm32f10x_adc.o
AHBPrescTable                                     src\system_stm32f10x.o
BKP_ClearFlag                                     Libraries\STM32F10x_StdPeriph_Driver\src\stm32f10x_bkp.o
BKP_ClearITPendingBit                             Libraries\STM32F10x_StdPeriph_Driver\src\stm32f10x_bkp.o
BKP_DeInit                                        Libraries\STM32F10x_StdPeriph_Driver\src\stm32f10x_bkp.o
BKP_GetFlagStatus                                 Libraries\STM32F10x_StdPeriph_Driver\src\stm32f10x_bkp.o
BKP_GetITStatus                                   Libraries\STM32F10x_StdPeriph_Driver\src\stm32f10x_bkp.o
BKP_ITConfig                                      Libraries\STM32F10x_StdPeriph_Driver\src\stm32f10x_bkp.o
BKP_RTCOutputConfig                               Libraries\STM32F10x_StdPeriph_Driver\src\stm32f10x_bkp.o
BKP_ReadBackupRegister                            Libraries\STM32F10x_StdPeriph_Driver\src\stm32f10x_bkp.o
BKP_SetRTCCalibrationValue                        Libraries\STM32F10x_StdPeriph_Driver\src\stm32f10x_bkp.o
BKP_TamperPinCmd                                  Libraries\STM32F10x_StdPeriph_Driver\src\stm32f10x_bkp.o
BKP_TamperPinLevelConfig                          Libraries\STM32F10x_StdPeriph_Driver\src\stm32f10x_bkp.o
BKP_WriteBackupRegister                           Libraries\STM32F10x_StdPeriph_Driver\src\stm32f10x_bkp.o
BusFault_Handler                                  src\stm32f1xx_it.o
                                                  src\startup_stm32f10x_md.o
CAN1_RX1_IRQHandler                               src\startup_stm32f10x_md.o
CAN1_SCE_IRQHandler                               src\startup_stm32f10x_md.o
CAN_CancelTransmit                                Libraries\STM32F10x_StdPeriph_Driver\src\stm32f10x_can.o
CAN_ClearFlag                                     Libraries\STM32F10x_StdPeriph_Driver\src\stm32f10x_can.o
CAN_ClearITPendingBit                             Libraries\STM32F10x_StdPeriph_Driver\src\stm32f10x_can.o
CAN_DBGFreeze                                     Libraries\STM32F10x_StdPeriph_Driver\src\stm32f10x_can.o
CAN_DeInit                                        Libraries\STM32F10x_StdPeriph_Driver\src\stm32f10x_can.o
CAN_FIFORelease                                   Libraries\STM32F10x_StdPeriph_Driver\src\stm32f10x_can.o
CAN_FilterInit                                    Libraries\STM32F10x_StdPeriph_Driver\src\stm32f10x_can.o
CAN_GetFlagStatus                                 Libraries\STM32F10x_StdPeriph_Driver\src\stm32f10x_can.o
CAN_GetITStatus                                   Libraries\STM32F10x_StdPeriph_Driver\src\stm32f10x_can.o
CAN_GetLSBTransmitErrorCounter                    Libraries\STM32F10x_StdPeriph_Driver\src\stm32f10x_can.o
CAN_GetLastErrorCode                              Libraries\STM32F10x_StdPeriph_Driver\src\stm32f10x_can.o
CAN_GetReceiveErrorCounter                        Libraries\STM32F10x_StdPeriph_Driver\src\stm32f10x_can.o
CAN_ITConfig                                      Libraries\STM32F10x_StdPeriph_Driver\src\stm32f10x_can.o
CAN_Init                                          Libraries\STM32F10x_StdPeriph_Driver\src\stm32f10x_can.o
CAN_MessagePending                                Libraries\STM32F10x_StdPeriph_Driver\src\stm32f10x_can.o
CAN_OperatingModeRequest                          Libraries\STM32F10x_StdPeriph_Driver\src\stm32f10x_can.o
CAN_Receive                                       Libraries\STM32F10x_StdPeriph_Driver\src\stm32f10x_can.o
CAN_SlaveStartBank                                Libraries\STM32F10x_StdPeriph_Driver\src\stm32f10x_can.o
CAN_Sleep                                         Libraries\STM32F10x_StdPeriph_Driver\src\stm32f10x_can.o
CAN_StructInit                                    Libraries\STM32F10x_StdPeriph_Driver\src\stm32f10x_can.o
CAN_TTComModeCmd                                  Libraries\STM32F10x_StdPeriph_Driver\src\stm32f10x_can.o
CAN_Transmit                                      Libraries\STM32F10x_StdPeriph_Driver\src\stm32f10x_can.o
CAN_TransmitStatus                                Libraries\STM32F10x_StdPeriph_Driver\src\stm32f10x_can.o
CAN_WakeUp                                        Libraries\STM32F10x_StdPeriph_Driver\src\stm32f10x_can.o
CEC_ClearFlag                                     Libraries\STM32F10x_StdPeriph_Driver\src\stm32f10x_cec.o
CEC_ClearITPendingBit                             Libraries\STM32F10x_StdPeriph_Driver\src\stm32f10x_cec.o
CEC_Cmd                                           Libraries\STM32F10x_StdPeriph_Driver\src\stm32f10x_cec.o
CEC_DeInit                                        Libraries\STM32F10x_StdPeriph_Driver\src\stm32f10x_cec.o
CEC_EndOfMessageCmd                               Libraries\STM32F10x_StdPeriph_Driver\src\stm32f10x_cec.o
CEC_GetFlagStatus                                 Libraries\STM32F10x_StdPeriph_Driver\src\stm32f10x_cec.o
CEC_GetITStatus                                   Libraries\STM32F10x_StdPeriph_Driver\src\stm32f10x_cec.o
CEC_ITConfig                                      Libraries\STM32F10x_StdPeriph_Driver\src\stm32f10x_cec.o
CEC_Init                                          Libraries\STM32F10x_StdPeriph_Driver\src\stm32f10x_cec.o
CEC_OwnAddressConfig                              Libraries\STM32F10x_StdPeriph_Driver\src\stm32f10x_cec.o
CEC_ReceiveDataByte                               Libraries\STM32F10x_StdPeriph_Driver\src\stm32f10x_cec.o
CEC_SendDataByte                                  Libraries\STM32F10x_StdPeriph_Driver\src\stm32f10x_cec.o
CEC_SetPrescaler                                  Libraries\STM32F10x_StdPeriph_Driver\src\stm32f10x_cec.o
CEC_StartOfMessage                                Libraries\STM32F10x_StdPeriph_Driver\src\stm32f10x_cec.o
CRC_CalcBlockCRC                                  Libraries\STM32F10x_StdPeriph_Driver\src\stm32f10x_crc.o
CRC_CalcCRC                                       Libraries\STM32F10x_StdPeriph_Driver\src\stm32f10x_crc.o
CRC_GetCRC                                        Libraries\STM32F10x_StdPeriph_Driver\src\stm32f10x_crc.o
CRC_GetIDRegister                                 Libraries\STM32F10x_StdPeriph_Driver\src\stm32f10x_crc.o
CRC_ResetDR                                       Libraries\STM32F10x_StdPeriph_Driver\src\stm32f10x_crc.o
CRC_SetIDRegister                                 Libraries\STM32F10x_StdPeriph_Driver\src\stm32f10x_crc.o
CommunicationEncoder                              src\main.o
DAC_Cmd                                           Libraries\STM32F10x_StdPeriph_Driver\src\stm32f10x_dac.o
DAC_DMACmd                                        Libraries\STM32F10x_StdPeriph_Driver\src\stm32f10x_dac.o
DAC_DeInit                                        Libraries\STM32F10x_StdPeriph_Driver\src\stm32f10x_dac.o
DAC_DualSoftwareTriggerCmd                        Libraries\STM32F10x_StdPeriph_Driver\src\stm32f10x_dac.o
DAC_GetDataOutputValue                            Libraries\STM32F10x_StdPeriph_Driver\src\stm32f10x_dac.o
DAC_Init                                          Libraries\STM32F10x_StdPeriph_Driver\src\stm32f10x_dac.o
DAC_SetChannel1Data                               Libraries\STM32F10x_StdPeriph_Driver\src\stm32f10x_dac.o
DAC_SetChannel2Data                               Libraries\STM32F10x_StdPeriph_Driver\src\stm32f10x_dac.o
DAC_SetDualChannelData                            Libraries\STM32F10x_StdPeriph_Driver\src\stm32f10x_dac.o
DAC_SoftwareTriggerCmd                            Libraries\STM32F10x_StdPeriph_Driver\src\stm32f10x_dac.o
DAC_StructInit                                    Libraries\STM32F10x_StdPeriph_Driver\src\stm32f10x_dac.o
DAC_WaveGenerationCmd                             Libraries\STM32F10x_StdPeriph_Driver\src\stm32f10x_dac.o
DBGMCU_Config                                     Libraries\STM32F10x_StdPeriph_Driver\src\stm32f10x_dbgmcu.o
DBGMCU_GetDEVID                                   Libraries\STM32F10x_StdPeriph_Driver\src\stm32f10x_dbgmcu.o
DBGMCU_GetREVID                                   Libraries\STM32F10x_StdPeriph_Driver\src\stm32f10x_dbgmcu.o
DMA1_Channel1_IRQHandler                          src\startup_stm32f10x_md.o
DMA1_Channel2_IRQHandler                          src\startup_stm32f10x_md.o
DMA1_Channel3_IRQHandler                          src\startup_stm32f10x_md.o
DMA1_Channel4_IRQHandler                          src\startup_stm32f10x_md.o
DMA1_Channel5_IRQHandler                          src\startup_stm32f10x_md.o
DMA1_Channel6_IRQHandler                          src\startup_stm32f10x_md.o
DMA1_Channel7_IRQHandler                          src\startup_stm32f10x_md.o
DMA_ClearFlag                                     Libraries\STM32F10x_StdPeriph_Driver\src\stm32f10x_dma.o
DMA_ClearITPendingBit                             Libraries\STM32F10x_StdPeriph_Driver\src\stm32f10x_dma.o
DMA_Cmd                                           Libraries\STM32F10x_StdPeriph_Driver\src\stm32f10x_dma.o
DMA_DeInit                                        Libraries\STM32F10x_StdPeriph_Driver\src\stm32f10x_dma.o
DMA_GetCurrDataCounter                            Libraries\STM32F10x_StdPeriph_Driver\src\stm32f10x_dma.o
DMA_GetFlagStatus                                 Libraries\STM32F10x_StdPeriph_Driver\src\stm32f10x_dma.o
DMA_GetITStatus                                   Libraries\STM32F10x_StdPeriph_Driver\src\stm32f10x_dma.o
DMA_ITConfig                                      Libraries\STM32F10x_StdPeriph_Driver\src\stm32f10x_dma.o
DMA_Init                                          Libraries\STM32F10x_StdPeriph_Driver\src\stm32f10x_dma.o
DMA_SetCurrDataCounter                            Libraries\STM32F10x_StdPeriph_Driver\src\stm32f10x_dma.o
DMA_StructInit                                    Libraries\STM32F10x_StdPeriph_Driver\src\stm32f10x_dma.o
DebugMon_Handler                                  src\stm32f1xx_it.o
                                                  src\startup_stm32f10x_md.o
Default_Handler                                   src\startup_stm32f10x_md.o
Delay                                             src\main.o
Delay_normal                                      src\main.o
EXTI0_IRQHandler                                  src\stm32f1xx_it.o
                                                  src\startup_stm32f10x_md.o
EXTI15_10_IRQHandler                              src\startup_stm32f10x_md.o
EXTI1_IRQHandler                                  src\startup_stm32f10x_md.o
EXTI2_IRQHandler                                  src\startup_stm32f10x_md.o
EXTI3_IRQHandler                                  src\startup_stm32f10x_md.o
EXTI4_IRQHandler                                  src\startup_stm32f10x_md.o
EXTI9_5_IRQHandler                                src\startup_stm32f10x_md.o
EXTI_ClearFlag                                    Libraries\STM32F10x_StdPeriph_Driver\src\stm32f10x_exti.o
EXTI_ClearITPendingBit                            Libraries\STM32F10x_StdPeriph_Driver\src\stm32f10x_exti.o
EXTI_DeInit                                       Libraries\STM32F10x_StdPeriph_Driver\src\stm32f10x_exti.o
EXTI_GenerateSWInterrupt                          Libraries\STM32F10x_StdPeriph_Driver\src\stm32f10x_exti.o
EXTI_GetFlagStatus                                Libraries\STM32F10x_StdPeriph_Driver\src\stm32f10x_exti.o
EXTI_GetITStatus                                  Libraries\STM32F10x_StdPeriph_Driver\src\stm32f10x_exti.o
                                                  src\stm32f1xx_it.o
EXTI_Init                                         Libraries\STM32F10x_StdPeriph_Driver\src\stm32f10x_exti.o
                                                  src\GPIO_Functions.o
EXTI_StructInit                                   Libraries\STM32F10x_StdPeriph_Driver\src\stm32f10x_exti.o
FLASH_ClearFlag                                   Libraries\STM32F10x_StdPeriph_Driver\src\stm32f10x_flash.o
FLASH_EnableWriteProtection                       Libraries\STM32F10x_StdPeriph_Driver\src\stm32f10x_flash.o
FLASH_EraseAllBank1Pages                          Libraries\STM32F10x_StdPeriph_Driver\src\stm32f10x_flash.o
FLASH_EraseAllPages                               Libraries\STM32F10x_StdPeriph_Driver\src\stm32f10x_flash.o
FLASH_EraseOptionBytes                            Libraries\STM32F10x_StdPeriph_Driver\src\stm32f10x_flash.o
FLASH_ErasePage                                   Libraries\STM32F10x_StdPeriph_Driver\src\stm32f10x_flash.o
FLASH_GetBank1Status                              Libraries\STM32F10x_StdPeriph_Driver\src\stm32f10x_flash.o
FLASH_GetFlagStatus                               Libraries\STM32F10x_StdPeriph_Driver\src\stm32f10x_flash.o
FLASH_GetPrefetchBufferStatus                     Libraries\STM32F10x_StdPeriph_Driver\src\stm32f10x_flash.o
FLASH_GetReadOutProtectionStatus                  Libraries\STM32F10x_StdPeriph_Driver\src\stm32f10x_flash.o
FLASH_GetStatus                                   Libraries\STM32F10x_StdPeriph_Driver\src\stm32f10x_flash.o
FLASH_GetUserOptionByte                           Libraries\STM32F10x_StdPeriph_Driver\src\stm32f10x_flash.o
FLASH_GetWriteProtectionOptionByte                Libraries\STM32F10x_StdPeriph_Driver\src\stm32f10x_flash.o
FLASH_HalfCycleAccessCmd                          Libraries\STM32F10x_StdPeriph_Driver\src\stm32f10x_flash.o
FLASH_IRQHandler                                  src\startup_stm32f10x_md.o
FLASH_ITConfig                                    Libraries\STM32F10x_StdPeriph_Driver\src\stm32f10x_flash.o
FLASH_Lock                                        Libraries\STM32F10x_StdPeriph_Driver\src\stm32f10x_flash.o
FLASH_LockBank1                                   Libraries\STM32F10x_StdPeriph_Driver\src\stm32f10x_flash.o
FLASH_PrefetchBufferCmd                           Libraries\STM32F10x_StdPeriph_Driver\src\stm32f10x_flash.o
FLASH_ProgramHalfWord                             Libraries\STM32F10x_StdPeriph_Driver\src\stm32f10x_flash.o
FLASH_ProgramOptionByteData                       Libraries\STM32F10x_StdPeriph_Driver\src\stm32f10x_flash.o
FLASH_ProgramWord                                 Libraries\STM32F10x_StdPeriph_Driver\src\stm32f10x_flash.o
FLASH_ReadOutProtection                           Libraries\STM32F10x_StdPeriph_Driver\src\stm32f10x_flash.o
FLASH_SetLatency                                  Libraries\STM32F10x_StdPeriph_Driver\src\stm32f10x_flash.o
FLASH_Unlock                                      Libraries\STM32F10x_StdPeriph_Driver\src\stm32f10x_flash.o
FLASH_UnlockBank1                                 Libraries\STM32F10x_StdPeriph_Driver\src\stm32f10x_flash.o
FLASH_UserOptionByteConfig                        Libraries\STM32F10x_StdPeriph_Driver\src\stm32f10x_flash.o
FLASH_WaitForLastBank1Operation                   Libraries\STM32F10x_StdPeriph_Driver\src\stm32f10x_flash.o
FLASH_WaitForLastOperation                        Libraries\STM32F10x_StdPeriph_Driver\src\stm32f10x_flash.o
FSMC_ClearFlag                                    Libraries\STM32F10x_StdPeriph_Driver\src\stm32f10x_fsmc.o
FSMC_ClearITPendingBit                            Libraries\STM32F10x_StdPeriph_Driver\src\stm32f10x_fsmc.o
FSMC_GetECC                                       Libraries\STM32F10x_StdPeriph_Driver\src\stm32f10x_fsmc.o
FSMC_GetFlagStatus                                Libraries\STM32F10x_StdPeriph_Driver\src\stm32f10x_fsmc.o
FSMC_GetITStatus                                  Libraries\STM32F10x_StdPeriph_Driver\src\stm32f10x_fsmc.o
FSMC_ITConfig                                     Libraries\STM32F10x_StdPeriph_Driver\src\stm32f10x_fsmc.o
FSMC_NANDCmd                                      Libraries\STM32F10x_StdPeriph_Driver\src\stm32f10x_fsmc.o
FSMC_NANDDeInit                                   Libraries\STM32F10x_StdPeriph_Driver\src\stm32f10x_fsmc.o
FSMC_NANDECCCmd                                   Libraries\STM32F10x_StdPeriph_Driver\src\stm32f10x_fsmc.o
FSMC_NANDInit                                     Libraries\STM32F10x_StdPeriph_Driver\src\stm32f10x_fsmc.o
FSMC_NANDStructInit                               Libraries\STM32F10x_StdPeriph_Driver\src\stm32f10x_fsmc.o
FSMC_NORSRAMCmd                                   Libraries\STM32F10x_StdPeriph_Driver\src\stm32f10x_fsmc.o
FSMC_NORSRAMDeInit                                Libraries\STM32F10x_StdPeriph_Driver\src\stm32f10x_fsmc.o
FSMC_NORSRAMInit                                  Libraries\STM32F10x_StdPeriph_Driver\src\stm32f10x_fsmc.o
FSMC_NORSRAMStructInit                            Libraries\STM32F10x_StdPeriph_Driver\src\stm32f10x_fsmc.o
FSMC_PCCARDCmd                                    Libraries\STM32F10x_StdPeriph_Driver\src\stm32f10x_fsmc.o
FSMC_PCCARDDeInit                                 Libraries\STM32F10x_StdPeriph_Driver\src\stm32f10x_fsmc.o
FSMC_PCCARDInit                                   Libraries\STM32F10x_StdPeriph_Driver\src\stm32f10x_fsmc.o
FSMC_PCCARDStructInit                             Libraries\STM32F10x_StdPeriph_Driver\src\stm32f10x_fsmc.o
GPIO_AFIODeInit                                   Libraries\STM32F10x_StdPeriph_Driver\src\stm32f10x_gpio.o
GPIO_DeInit                                       Libraries\STM32F10x_StdPeriph_Driver\src\stm32f10x_gpio.o
GPIO_ETH_MediaInterfaceConfig                     Libraries\STM32F10x_StdPeriph_Driver\src\stm32f10x_gpio.o
GPIO_EXTILineConfig                               Libraries\STM32F10x_StdPeriph_Driver\src\stm32f10x_gpio.o
                                                  src\GPIO_Functions.o
GPIO_EventOutputCmd                               Libraries\STM32F10x_StdPeriph_Driver\src\stm32f10x_gpio.o
GPIO_EventOutputConfig                            Libraries\STM32F10x_StdPeriph_Driver\src\stm32f10x_gpio.o
GPIO_Init                                         Libraries\STM32F10x_StdPeriph_Driver\src\stm32f10x_gpio.o
                                                  src\GPIO_Functions.o
GPIO_Initialization                               src\GPIO_Functions.o
                                                  src\stm32f1xx_it.o
                                                  src\main.o
GPIO_PinLockConfig                                Libraries\STM32F10x_StdPeriph_Driver\src\stm32f10x_gpio.o
GPIO_PinRemapConfig                               Libraries\STM32F10x_StdPeriph_Driver\src\stm32f10x_gpio.o
GPIO_ReadInputData                                Libraries\STM32F10x_StdPeriph_Driver\src\stm32f10x_gpio.o
GPIO_ReadInputDataBit                             Libraries\STM32F10x_StdPeriph_Driver\src\stm32f10x_gpio.o
                                                  src\GPIO_Functions.o
GPIO_ReadOutputData                               Libraries\STM32F10x_StdPeriph_Driver\src\stm32f10x_gpio.o
GPIO_ReadOutputDataBit                            Libraries\STM32F10x_StdPeriph_Driver\src\stm32f10x_gpio.o
                                                  src\GPIO_Functions.o
GPIO_ResetBits                                    Libraries\STM32F10x_StdPeriph_Driver\src\stm32f10x_gpio.o
GPIO_SetBits                                      Libraries\STM32F10x_StdPeriph_Driver\src\stm32f10x_gpio.o
GPIO_StructInit                                   Libraries\STM32F10x_StdPeriph_Driver\src\stm32f10x_gpio.o
                                                  src\GPIO_Functions.o
GPIO_Write                                        Libraries\STM32F10x_StdPeriph_Driver\src\stm32f10x_gpio.o
GPIO_WriteBit                                     Libraries\STM32F10x_StdPeriph_Driver\src\stm32f10x_gpio.o
HardFault_Handler                                 src\stm32f1xx_it.o
                                                  src\startup_stm32f10x_md.o
I2C1_ER_IRQHandler                                src\startup_stm32f10x_md.o
I2C1_EV_IRQHandler                                src\startup_stm32f10x_md.o
I2C2_ER_IRQHandler                                src\startup_stm32f10x_md.o
I2C2_EV_IRQHandler                                src\startup_stm32f10x_md.o
I2C_ARPCmd                                        Libraries\STM32F10x_StdPeriph_Driver\src\stm32f10x_i2c.o
I2C_AcknowledgeConfig                             Libraries\STM32F10x_StdPeriph_Driver\src\stm32f10x_i2c.o
I2C_CalculatePEC                                  Libraries\STM32F10x_StdPeriph_Driver\src\stm32f10x_i2c.o
I2C_CheckEvent                                    Libraries\STM32F10x_StdPeriph_Driver\src\stm32f10x_i2c.o
I2C_ClearFlag                                     Libraries\STM32F10x_StdPeriph_Driver\src\stm32f10x_i2c.o
I2C_ClearITPendingBit                             Libraries\STM32F10x_StdPeriph_Driver\src\stm32f10x_i2c.o
I2C_Cmd                                           Libraries\STM32F10x_StdPeriph_Driver\src\stm32f10x_i2c.o
I2C_DMACmd                                        Libraries\STM32F10x_StdPeriph_Driver\src\stm32f10x_i2c.o
I2C_DMALastTransferCmd                            Libraries\STM32F10x_StdPeriph_Driver\src\stm32f10x_i2c.o
I2C_DeInit                                        Libraries\STM32F10x_StdPeriph_Driver\src\stm32f10x_i2c.o
I2C_DualAddressCmd                                Libraries\STM32F10x_StdPeriph_Driver\src\stm32f10x_i2c.o
I2C_FastModeDutyCycleConfig                       Libraries\STM32F10x_StdPeriph_Driver\src\stm32f10x_i2c.o
I2C_GeneralCallCmd                                Libraries\STM32F10x_StdPeriph_Driver\src\stm32f10x_i2c.o
I2C_GenerateSTART                                 Libraries\STM32F10x_StdPeriph_Driver\src\stm32f10x_i2c.o
I2C_GenerateSTOP                                  Libraries\STM32F10x_StdPeriph_Driver\src\stm32f10x_i2c.o
I2C_GetFlagStatus                                 Libraries\STM32F10x_StdPeriph_Driver\src\stm32f10x_i2c.o
I2C_GetITStatus                                   Libraries\STM32F10x_StdPeriph_Driver\src\stm32f10x_i2c.o
I2C_GetLastEvent                                  Libraries\STM32F10x_StdPeriph_Driver\src\stm32f10x_i2c.o
I2C_GetPEC                                        Libraries\STM32F10x_StdPeriph_Driver\src\stm32f10x_i2c.o
I2C_ITConfig                                      Libraries\STM32F10x_StdPeriph_Driver\src\stm32f10x_i2c.o
I2C_Init                                          Libraries\STM32F10x_StdPeriph_Driver\src\stm32f10x_i2c.o
I2C_NACKPositionConfig                            Libraries\STM32F10x_StdPeriph_Driver\src\stm32f10x_i2c.o
I2C_OwnAddress2Config                             Libraries\STM32F10x_StdPeriph_Driver\src\stm32f10x_i2c.o
I2C_PECPositionConfig                             Libraries\STM32F10x_StdPeriph_Driver\src\stm32f10x_i2c.o
I2C_ReadRegister                                  Libraries\STM32F10x_StdPeriph_Driver\src\stm32f10x_i2c.o
I2C_ReceiveData                                   Libraries\STM32F10x_StdPeriph_Driver\src\stm32f10x_i2c.o
I2C_SMBusAlertConfig                              Libraries\STM32F10x_StdPeriph_Driver\src\stm32f10x_i2c.o
I2C_Send7bitAddress                               Libraries\STM32F10x_StdPeriph_Driver\src\stm32f10x_i2c.o
I2C_SendData                                      Libraries\STM32F10x_StdPeriph_Driver\src\stm32f10x_i2c.o
I2C_SoftwareResetCmd                              Libraries\STM32F10x_StdPeriph_Driver\src\stm32f10x_i2c.o
I2C_StretchClockCmd                               Libraries\STM32F10x_StdPeriph_Driver\src\stm32f10x_i2c.o
I2C_StructInit                                    Libraries\STM32F10x_StdPeriph_Driver\src\stm32f10x_i2c.o
I2C_TransmitPEC                                   Libraries\STM32F10x_StdPeriph_Driver\src\stm32f10x_i2c.o
I2S_Cmd                                           Libraries\STM32F10x_StdPeriph_Driver\src\stm32f10x_spi.o
I2S_Init                                          Libraries\STM32F10x_StdPeriph_Driver\src\stm32f10x_spi.o
I2S_StructInit                                    Libraries\STM32F10x_StdPeriph_Driver\src\stm32f10x_spi.o
IWDG_Enable                                       Libraries\STM32F10x_StdPeriph_Driver\src\stm32f10x_iwdg.o
IWDG_GetFlagStatus                                Libraries\STM32F10x_StdPeriph_Driver\src\stm32f10x_iwdg.o
IWDG_ReloadCounter                                Libraries\STM32F10x_StdPeriph_Driver\src\stm32f10x_iwdg.o
IWDG_SetPrescaler                                 Libraries\STM32F10x_StdPeriph_Driver\src\stm32f10x_iwdg.o
IWDG_SetReload                                    Libraries\STM32F10x_StdPeriph_Driver\src\stm32f10x_iwdg.o
IWDG_WriteAccessCmd                               Libraries\STM32F10x_StdPeriph_Driver\src\stm32f10x_iwdg.o
MemManage_Handler                                 src\stm32f1xx_it.o
                                                  src\startup_stm32f10x_md.o
MotorCtrl                                         src\main.o
                                                  src\stm32f1xx_it.o
NMI_Handler                                       src\stm32f1xx_it.o
                                                  src\startup_stm32f10x_md.o
NVIC_Init                                         Libraries\STM32F10x_StdPeriph_Driver\src\misc.o
                                                  src\NVIC_Functions.o
NVIC_Initialization                               src\NVIC_Functions.o
                                                  src\stm32f1xx_it.o
                                                  src\main.o
NVIC_PriorityGroupConfig                          Libraries\STM32F10x_StdPeriph_Driver\src\misc.o
                                                  src\NVIC_Functions.o
NVIC_SetVectorTable                               Libraries\STM32F10x_StdPeriph_Driver\src\misc.o
NVIC_SystemLPConfig                               Libraries\STM32F10x_StdPeriph_Driver\src\misc.o
Number_TO_String                                  src\main.o
POTdir                                            src\main.o
PVD_IRQHandler                                    src\startup_stm32f10x_md.o
PWM_Initialization                                src\PWM_Functions.o
                                                  src\stm32f1xx_it.o
                                                  src\main.o
PWR_BackupAccessCmd                               Libraries\STM32F10x_StdPeriph_Driver\src\stm32f10x_pwr.o
PWR_ClearFlag                                     Libraries\STM32F10x_StdPeriph_Driver\src\stm32f10x_pwr.o
PWR_DeInit                                        Libraries\STM32F10x_StdPeriph_Driver\src\stm32f10x_pwr.o
PWR_EnterSTANDBYMode                              Libraries\STM32F10x_StdPeriph_Driver\src\stm32f10x_pwr.o
PWR_EnterSTOPMode                                 Libraries\STM32F10x_StdPeriph_Driver\src\stm32f10x_pwr.o
PWR_GetFlagStatus                                 Libraries\STM32F10x_StdPeriph_Driver\src\stm32f10x_pwr.o
PWR_PVDCmd                                        Libraries\STM32F10x_StdPeriph_Driver\src\stm32f10x_pwr.o
PWR_PVDLevelConfig                                Libraries\STM32F10x_StdPeriph_Driver\src\stm32f10x_pwr.o
PWR_WakeUpPinCmd                                  Libraries\STM32F10x_StdPeriph_Driver\src\stm32f10x_pwr.o
PendSV_Handler                                    src\stm32f1xx_it.o
                                                  src\startup_stm32f10x_md.o
Pin_Clr                                           src\GPIO_Functions.o
                                                  src\main.o
Pin_Mod                                           src\GPIO_Functions.o
                                                  src\ADC_Functions.o
Pin_ReadInput                                     src\GPIO_Functions.o
Pin_ReadOutput                                    src\GPIO_Functions.o
Pin_Set                                           src\GPIO_Functions.o
Pin_Toggle                                        src\GPIO_Functions.o
Pin_Write                                         src\GPIO_Functions.o
Port_Determine                                    src\GPIO_Functions.o
RCC_ADCCLKConfig                                  Libraries\STM32F10x_StdPeriph_Driver\src\stm32f10x_rcc.o
                                                  src\ADC_Functions.o
RCC_AHBPeriphClockCmd                             Libraries\STM32F10x_StdPeriph_Driver\src\stm32f10x_rcc.o
RCC_APB1PeriphClockCmd                            Libraries\STM32F10x_StdPeriph_Driver\src\stm32f10x_rcc.o
                                                  src\RCC_Functions.o
RCC_APB1PeriphResetCmd                            Libraries\STM32F10x_StdPeriph_Driver\src\stm32f10x_rcc.o
                                                  Libraries\STM32F10x_StdPeriph_Driver\src\stm32f10x_wwdg.o
                                                  Libraries\STM32F10x_StdPeriph_Driver\src\stm32f10x_usart.o
                                                  Libraries\STM32F10x_StdPeriph_Driver\src\stm32f10x_tim.o
                                                  Libraries\STM32F10x_StdPeriph_Driver\src\stm32f10x_spi.o
                                                  Libraries\STM32F10x_StdPeriph_Driver\src\stm32f10x_pwr.o
                                                  Libraries\STM32F10x_StdPeriph_Driver\src\stm32f10x_i2c.o
                                                  Libraries\STM32F10x_StdPeriph_Driver\src\stm32f10x_dac.o
                                                  Libraries\STM32F10x_StdPeriph_Driver\src\stm32f10x_cec.o
                                                  Libraries\STM32F10x_StdPeriph_Driver\src\stm32f10x_can.o
RCC_APB2PeriphClockCmd                            Libraries\STM32F10x_StdPeriph_Driver\src\stm32f10x_rcc.o
                                                  src\RCC_Functions.o
                                                  src\ADC_Functions.o
RCC_APB2PeriphResetCmd                            Libraries\STM32F10x_StdPeriph_Driver\src\stm32f10x_rcc.o
                                                  Libraries\STM32F10x_StdPeriph_Driver\src\stm32f10x_usart.o
                                                  Libraries\STM32F10x_StdPeriph_Driver\src\stm32f10x_tim.o
                                                  Libraries\STM32F10x_StdPeriph_Driver\src\stm32f10x_spi.o
                                                  Libraries\STM32F10x_StdPeriph_Driver\src\stm32f10x_gpio.o
                                                  Libraries\STM32F10x_StdPeriph_Driver\src\stm32f10x_adc.o
RCC_AdjustHSICalibrationValue                     Libraries\STM32F10x_StdPeriph_Driver\src\stm32f10x_rcc.o
RCC_BackupResetCmd                                Libraries\STM32F10x_StdPeriph_Driver\src\stm32f10x_rcc.o
                                                  Libraries\STM32F10x_StdPeriph_Driver\src\stm32f10x_bkp.o
RCC_ClearFlag                                     Libraries\STM32F10x_StdPeriph_Driver\src\stm32f10x_rcc.o
RCC_ClearITPendingBit                             Libraries\STM32F10x_StdPeriph_Driver\src\stm32f10x_rcc.o
RCC_ClockSecuritySystemCmd                        Libraries\STM32F10x_StdPeriph_Driver\src\stm32f10x_rcc.o
RCC_DeInit                                        Libraries\STM32F10x_StdPeriph_Driver\src\stm32f10x_rcc.o
                                                  src\RCC_Functions.o
RCC_GetClocksFreq                                 Libraries\STM32F10x_StdPeriph_Driver\src\stm32f10x_rcc.o
                                                  Libraries\STM32F10x_StdPeriph_Driver\src\stm32f10x_usart.o
                                                  Libraries\STM32F10x_StdPeriph_Driver\src\stm32f10x_spi.o
                                                  Libraries\STM32F10x_StdPeriph_Driver\src\stm32f10x_i2c.o
RCC_GetFlagStatus                                 Libraries\STM32F10x_StdPeriph_Driver\src\stm32f10x_rcc.o
RCC_GetITStatus                                   Libraries\STM32F10x_StdPeriph_Driver\src\stm32f10x_rcc.o
RCC_GetSYSCLKSource                               Libraries\STM32F10x_StdPeriph_Driver\src\stm32f10x_rcc.o
RCC_HCLKConfig                                    Libraries\STM32F10x_StdPeriph_Driver\src\stm32f10x_rcc.o
RCC_HSEConfig                                     Libraries\STM32F10x_StdPeriph_Driver\src\stm32f10x_rcc.o
RCC_HSICmd                                        Libraries\STM32F10x_StdPeriph_Driver\src\stm32f10x_rcc.o
RCC_IRQHandler                                    src\startup_stm32f10x_md.o
RCC_ITConfig                                      Libraries\STM32F10x_StdPeriph_Driver\src\stm32f10x_rcc.o
RCC_Initialization                                src\RCC_Functions.o
                                                  src\stm32f1xx_it.o
                                                  src\main.o
RCC_LSEConfig                                     Libraries\STM32F10x_StdPeriph_Driver\src\stm32f10x_rcc.o
RCC_LSICmd                                        Libraries\STM32F10x_StdPeriph_Driver\src\stm32f10x_rcc.o
RCC_MCOConfig                                     Libraries\STM32F10x_StdPeriph_Driver\src\stm32f10x_rcc.o
RCC_PCLK1Config                                   Libraries\STM32F10x_StdPeriph_Driver\src\stm32f10x_rcc.o
RCC_PCLK2Config                                   Libraries\STM32F10x_StdPeriph_Driver\src\stm32f10x_rcc.o
RCC_PLLCmd                                        Libraries\STM32F10x_StdPeriph_Driver\src\stm32f10x_rcc.o
RCC_PLLConfig                                     Libraries\STM32F10x_StdPeriph_Driver\src\stm32f10x_rcc.o
RCC_RTCCLKCmd                                     Libraries\STM32F10x_StdPeriph_Driver\src\stm32f10x_rcc.o
RCC_RTCCLKConfig                                  Libraries\STM32F10x_StdPeriph_Driver\src\stm32f10x_rcc.o
RCC_SYSCLKConfig                                  Libraries\STM32F10x_StdPeriph_Driver\src\stm32f10x_rcc.o
RCC_USBCLKConfig                                  Libraries\STM32F10x_StdPeriph_Driver\src\stm32f10x_rcc.o
RCC_WaitForHSEStartUp                             Libraries\STM32F10x_StdPeriph_Driver\src\stm32f10x_rcc.o
RTCAlarm_IRQHandler                               src\startup_stm32f10x_md.o
RTC_ClearFlag                                     Libraries\STM32F10x_StdPeriph_Driver\src\stm32f10x_rtc.o
RTC_ClearITPendingBit                             Libraries\STM32F10x_StdPeriph_Driver\src\stm32f10x_rtc.o
RTC_EnterConfigMode                               Libraries\STM32F10x_StdPeriph_Driver\src\stm32f10x_rtc.o
RTC_ExitConfigMode                                Libraries\STM32F10x_StdPeriph_Driver\src\stm32f10x_rtc.o
RTC_GetCounter                                    Libraries\STM32F10x_StdPeriph_Driver\src\stm32f10x_rtc.o
RTC_GetDivider                                    Libraries\STM32F10x_StdPeriph_Driver\src\stm32f10x_rtc.o
RTC_GetFlagStatus                                 Libraries\STM32F10x_StdPeriph_Driver\src\stm32f10x_rtc.o
RTC_GetITStatus                                   Libraries\STM32F10x_StdPeriph_Driver\src\stm32f10x_rtc.o
RTC_IRQHandler                                    src\startup_stm32f10x_md.o
RTC_ITConfig                                      Libraries\STM32F10x_StdPeriph_Driver\src\stm32f10x_rtc.o
RTC_SetAlarm                                      Libraries\STM32F10x_StdPeriph_Driver\src\stm32f10x_rtc.o
RTC_SetCounter                                    Libraries\STM32F10x_StdPeriph_Driver\src\stm32f10x_rtc.o
RTC_SetPrescaler                                  Libraries\STM32F10x_StdPeriph_Driver\src\stm32f10x_rtc.o
RTC_WaitForLastTask                               Libraries\STM32F10x_StdPeriph_Driver\src\stm32f10x_rtc.o
RTC_WaitForSynchro                                Libraries\STM32F10x_StdPeriph_Driver\src\stm32f10x_rtc.o
Reset_Handler                                     src\startup_stm32f10x_md.o
SDIO_CEATAITCmd                                   Libraries\STM32F10x_StdPeriph_Driver\src\stm32f10x_sdio.o
SDIO_ClearFlag                                    Libraries\STM32F10x_StdPeriph_Driver\src\stm32f10x_sdio.o
SDIO_ClearITPendingBit                            Libraries\STM32F10x_StdPeriph_Driver\src\stm32f10x_sdio.o
SDIO_ClockCmd                                     Libraries\STM32F10x_StdPeriph_Driver\src\stm32f10x_sdio.o
SDIO_CmdStructInit                                Libraries\STM32F10x_StdPeriph_Driver\src\stm32f10x_sdio.o
SDIO_CommandCompletionCmd                         Libraries\STM32F10x_StdPeriph_Driver\src\stm32f10x_sdio.o
SDIO_DMACmd                                       Libraries\STM32F10x_StdPeriph_Driver\src\stm32f10x_sdio.o
SDIO_DataConfig                                   Libraries\STM32F10x_StdPeriph_Driver\src\stm32f10x_sdio.o
SDIO_DataStructInit                               Libraries\STM32F10x_StdPeriph_Driver\src\stm32f10x_sdio.o
SDIO_DeInit                                       Libraries\STM32F10x_StdPeriph_Driver\src\stm32f10x_sdio.o
SDIO_GetCommandResponse                           Libraries\STM32F10x_StdPeriph_Driver\src\stm32f10x_sdio.o
SDIO_GetDataCounter                               Libraries\STM32F10x_StdPeriph_Driver\src\stm32f10x_sdio.o
SDIO_GetFIFOCount                                 Libraries\STM32F10x_StdPeriph_Driver\src\stm32f10x_sdio.o
SDIO_GetFlagStatus                                Libraries\STM32F10x_StdPeriph_Driver\src\stm32f10x_sdio.o
SDIO_GetITStatus                                  Libraries\STM32F10x_StdPeriph_Driver\src\stm32f10x_sdio.o
SDIO_GetPowerState                                Libraries\STM32F10x_StdPeriph_Driver\src\stm32f10x_sdio.o
SDIO_GetResponse                                  Libraries\STM32F10x_StdPeriph_Driver\src\stm32f10x_sdio.o
SDIO_ITConfig                                     Libraries\STM32F10x_StdPeriph_Driver\src\stm32f10x_sdio.o
SDIO_Init                                         Libraries\STM32F10x_StdPeriph_Driver\src\stm32f10x_sdio.o
SDIO_ReadData                                     Libraries\STM32F10x_StdPeriph_Driver\src\stm32f10x_sdio.o
SDIO_SendCEATACmd                                 Libraries\STM32F10x_StdPeriph_Driver\src\stm32f10x_sdio.o
SDIO_SendCommand                                  Libraries\STM32F10x_StdPeriph_Driver\src\stm32f10x_sdio.o
SDIO_SendSDIOSuspendCmd                           Libraries\STM32F10x_StdPeriph_Driver\src\stm32f10x_sdio.o
SDIO_SetPowerState                                Libraries\STM32F10x_StdPeriph_Driver\src\stm32f10x_sdio.o
SDIO_SetSDIOOperation                             Libraries\STM32F10x_StdPeriph_Driver\src\stm32f10x_sdio.o
SDIO_SetSDIOReadWaitMode                          Libraries\STM32F10x_StdPeriph_Driver\src\stm32f10x_sdio.o
SDIO_StartSDIOReadWait                            Libraries\STM32F10x_StdPeriph_Driver\src\stm32f10x_sdio.o
SDIO_StopSDIOReadWait                             Libraries\STM32F10x_StdPeriph_Driver\src\stm32f10x_sdio.o
SDIO_StructInit                                   Libraries\STM32F10x_StdPeriph_Driver\src\stm32f10x_sdio.o
SDIO_WriteData                                    Libraries\STM32F10x_StdPeriph_Driver\src\stm32f10x_sdio.o
SPI1_IRQHandler                                   src\startup_stm32f10x_md.o
SPI2_IRQHandler                                   src\startup_stm32f10x_md.o
SPI_BiDirectionalLineConfig                       Libraries\STM32F10x_StdPeriph_Driver\src\stm32f10x_spi.o
SPI_CalculateCRC                                  Libraries\STM32F10x_StdPeriph_Driver\src\stm32f10x_spi.o
SPI_Cmd                                           Libraries\STM32F10x_StdPeriph_Driver\src\stm32f10x_spi.o
SPI_DataSizeConfig                                Libraries\STM32F10x_StdPeriph_Driver\src\stm32f10x_spi.o
SPI_GetCRC                                        Libraries\STM32F10x_StdPeriph_Driver\src\stm32f10x_spi.o
SPI_GetCRCPolynomial                              Libraries\STM32F10x_StdPeriph_Driver\src\stm32f10x_spi.o
SPI_I2S_ClearFlag                                 Libraries\STM32F10x_StdPeriph_Driver\src\stm32f10x_spi.o
SPI_I2S_ClearITPendingBit                         Libraries\STM32F10x_StdPeriph_Driver\src\stm32f10x_spi.o
SPI_I2S_DMACmd                                    Libraries\STM32F10x_StdPeriph_Driver\src\stm32f10x_spi.o
SPI_I2S_DeInit                                    Libraries\STM32F10x_StdPeriph_Driver\src\stm32f10x_spi.o
SPI_I2S_GetFlagStatus                             Libraries\STM32F10x_StdPeriph_Driver\src\stm32f10x_spi.o
SPI_I2S_GetITStatus                               Libraries\STM32F10x_StdPeriph_Driver\src\stm32f10x_spi.o
SPI_I2S_ITConfig                                  Libraries\STM32F10x_StdPeriph_Driver\src\stm32f10x_spi.o
SPI_I2S_ReceiveData                               Libraries\STM32F10x_StdPeriph_Driver\src\stm32f10x_spi.o
SPI_I2S_SendData                                  Libraries\STM32F10x_StdPeriph_Driver\src\stm32f10x_spi.o
SPI_Init                                          Libraries\STM32F10x_StdPeriph_Driver\src\stm32f10x_spi.o
SPI_NSSInternalSoftwareConfig                     Libraries\STM32F10x_StdPeriph_Driver\src\stm32f10x_spi.o
SPI_SSOutputCmd                                   Libraries\STM32F10x_StdPeriph_Driver\src\stm32f10x_spi.o
SPI_StructInit                                    Libraries\STM32F10x_StdPeriph_Driver\src\stm32f10x_spi.o
SPI_TransmitCRC                                   Libraries\STM32F10x_StdPeriph_Driver\src\stm32f10x_spi.o
SVC_Handler                                       src\stm32f1xx_it.o
                                                  src\startup_stm32f10x_md.o
SysTick_CLKSourceConfig                           Libraries\STM32F10x_StdPeriph_Driver\src\misc.o
SysTick_Handler                                   src\stm32f1xx_it.o
                                                  src\startup_stm32f10x_md.o
SystemCoreClock                                   src\system_stm32f10x.o
SystemCoreClockUpdate                             src\system_stm32f10x.o
SystemInit                                        src\system_stm32f10x.o
                                                  src\startup_stm32f10x_md.o
TAMPER_IRQHandler                                 src\startup_stm32f10x_md.o
TIM1_BRK_IRQHandler                               src\startup_stm32f10x_md.o
TIM1_CC_IRQHandler                                src\startup_stm32f10x_md.o
TIM1_TRG_COM_IRQHandler                           src\startup_stm32f10x_md.o
TIM1_UP_IRQHandler                                src\startup_stm32f10x_md.o
TIM2_IRQHandler                                   src\startup_stm32f10x_md.o
TIM3_IRQHandler                                   src\startup_stm32f10x_md.o
TIM4_IRQHandler                                   src\startup_stm32f10x_md.o
TIM_ARRPreloadConfig                              Libraries\STM32F10x_StdPeriph_Driver\src\stm32f10x_tim.o
                                                  src\PWM_Functions.o
TIM_BDTRConfig                                    Libraries\STM32F10x_StdPeriph_Driver\src\stm32f10x_tim.o
TIM_BDTRStructInit                                Libraries\STM32F10x_StdPeriph_Driver\src\stm32f10x_tim.o
TIM_CCPreloadControl                              Libraries\STM32F10x_StdPeriph_Driver\src\stm32f10x_tim.o
TIM_CCxCmd                                        Libraries\STM32F10x_StdPeriph_Driver\src\stm32f10x_tim.o
TIM_CCxNCmd                                       Libraries\STM32F10x_StdPeriph_Driver\src\stm32f10x_tim.o
TIM_ClearFlag                                     Libraries\STM32F10x_StdPeriph_Driver\src\stm32f10x_tim.o
TIM_ClearITPendingBit                             Libraries\STM32F10x_StdPeriph_Driver\src\stm32f10x_tim.o
TIM_ClearOC1Ref                                   Libraries\STM32F10x_StdPeriph_Driver\src\stm32f10x_tim.o
TIM_ClearOC2Ref                                   Libraries\STM32F10x_StdPeriph_Driver\src\stm32f10x_tim.o
TIM_ClearOC3Ref                                   Libraries\STM32F10x_StdPeriph_Driver\src\stm32f10x_tim.o
TIM_ClearOC4Ref                                   Libraries\STM32F10x_StdPeriph_Driver\src\stm32f10x_tim.o
TIM_Cmd                                           Libraries\STM32F10x_StdPeriph_Driver\src\stm32f10x_tim.o
                                                  src\stm32f1xx_it.o
                                                  src\PWM_Functions.o
TIM_CounterModeConfig                             Libraries\STM32F10x_StdPeriph_Driver\src\stm32f10x_tim.o
TIM_CtrlPWMOutputs                                Libraries\STM32F10x_StdPeriph_Driver\src\stm32f10x_tim.o
TIM_DMACmd                                        Libraries\STM32F10x_StdPeriph_Driver\src\stm32f10x_tim.o
TIM_DMAConfig                                     Libraries\STM32F10x_StdPeriph_Driver\src\stm32f10x_tim.o
TIM_DeInit                                        Libraries\STM32F10x_StdPeriph_Driver\src\stm32f10x_tim.o
TIM_ETRClockMode1Config                           Libraries\STM32F10x_StdPeriph_Driver\src\stm32f10x_tim.o
TIM_ETRClockMode2Config                           Libraries\STM32F10x_StdPeriph_Driver\src\stm32f10x_tim.o
TIM_ETRConfig                                     Libraries\STM32F10x_StdPeriph_Driver\src\stm32f10x_tim.o
TIM_EncoderInterfaceConfig                        Libraries\STM32F10x_StdPeriph_Driver\src\stm32f10x_tim.o
TIM_ForcedOC1Config                               Libraries\STM32F10x_StdPeriph_Driver\src\stm32f10x_tim.o
TIM_ForcedOC2Config                               Libraries\STM32F10x_StdPeriph_Driver\src\stm32f10x_tim.o
TIM_ForcedOC3Config                               Libraries\STM32F10x_StdPeriph_Driver\src\stm32f10x_tim.o
TIM_ForcedOC4Config                               Libraries\STM32F10x_StdPeriph_Driver\src\stm32f10x_tim.o
TIM_GenerateEvent                                 Libraries\STM32F10x_StdPeriph_Driver\src\stm32f10x_tim.o
TIM_GetCapture1                                   Libraries\STM32F10x_StdPeriph_Driver\src\stm32f10x_tim.o
TIM_GetCapture2                                   Libraries\STM32F10x_StdPeriph_Driver\src\stm32f10x_tim.o
TIM_GetCapture3                                   Libraries\STM32F10x_StdPeriph_Driver\src\stm32f10x_tim.o
TIM_GetCapture4                                   Libraries\STM32F10x_StdPeriph_Driver\src\stm32f10x_tim.o
TIM_GetCounter                                    Libraries\STM32F10x_StdPeriph_Driver\src\stm32f10x_tim.o
TIM_GetFlagStatus                                 Libraries\STM32F10x_StdPeriph_Driver\src\stm32f10x_tim.o
TIM_GetITStatus                                   Libraries\STM32F10x_StdPeriph_Driver\src\stm32f10x_tim.o
TIM_GetPrescaler                                  Libraries\STM32F10x_StdPeriph_Driver\src\stm32f10x_tim.o
TIM_ICInit                                        Libraries\STM32F10x_StdPeriph_Driver\src\stm32f10x_tim.o
TIM_ICStructInit                                  Libraries\STM32F10x_StdPeriph_Driver\src\stm32f10x_tim.o
TIM_ITConfig                                      Libraries\STM32F10x_StdPeriph_Driver\src\stm32f10x_tim.o
TIM_ITRxExternalClockConfig                       Libraries\STM32F10x_StdPeriph_Driver\src\stm32f10x_tim.o
TIM_InternalClockConfig                           Libraries\STM32F10x_StdPeriph_Driver\src\stm32f10x_tim.o
TIM_OC1FastConfig                                 Libraries\STM32F10x_StdPeriph_Driver\src\stm32f10x_tim.o
TIM_OC1Init                                       Libraries\STM32F10x_StdPeriph_Driver\src\stm32f10x_tim.o
TIM_OC1NPolarityConfig                            Libraries\STM32F10x_StdPeriph_Driver\src\stm32f10x_tim.o
TIM_OC1PolarityConfig                             Libraries\STM32F10x_StdPeriph_Driver\src\stm32f10x_tim.o
TIM_OC1PreloadConfig                              Libraries\STM32F10x_StdPeriph_Driver\src\stm32f10x_tim.o
TIM_OC2FastConfig                                 Libraries\STM32F10x_StdPeriph_Driver\src\stm32f10x_tim.o
TIM_OC2Init                                       Libraries\STM32F10x_StdPeriph_Driver\src\stm32f10x_tim.o
                                                  src\PWM_Functions.o
TIM_OC2NPolarityConfig                            Libraries\STM32F10x_StdPeriph_Driver\src\stm32f10x_tim.o
TIM_OC2PolarityConfig                             Libraries\STM32F10x_StdPeriph_Driver\src\stm32f10x_tim.o
TIM_OC2PreloadConfig                              Libraries\STM32F10x_StdPeriph_Driver\src\stm32f10x_tim.o
                                                  src\PWM_Functions.o
TIM_OC3FastConfig                                 Libraries\STM32F10x_StdPeriph_Driver\src\stm32f10x_tim.o
TIM_OC3Init                                       Libraries\STM32F10x_StdPeriph_Driver\src\stm32f10x_tim.o
TIM_OC3NPolarityConfig                            Libraries\STM32F10x_StdPeriph_Driver\src\stm32f10x_tim.o
TIM_OC3PolarityConfig                             Libraries\STM32F10x_StdPeriph_Driver\src\stm32f10x_tim.o
TIM_OC3PreloadConfig                              Libraries\STM32F10x_StdPeriph_Driver\src\stm32f10x_tim.o
TIM_OC4FastConfig                                 Libraries\STM32F10x_StdPeriph_Driver\src\stm32f10x_tim.o
TIM_OC4Init                                       Libraries\STM32F10x_StdPeriph_Driver\src\stm32f10x_tim.o
TIM_OC4PolarityConfig                             Libraries\STM32F10x_StdPeriph_Driver\src\stm32f10x_tim.o
TIM_OC4PreloadConfig                              Libraries\STM32F10x_StdPeriph_Driver\src\stm32f10x_tim.o
TIM_OCStructInit                                  Libraries\STM32F10x_StdPeriph_Driver\src\stm32f10x_tim.o
TIM_PWMIConfig                                    Libraries\STM32F10x_StdPeriph_Driver\src\stm32f10x_tim.o
TIM_PrescalerConfig                               Libraries\STM32F10x_StdPeriph_Driver\src\stm32f10x_tim.o
TIM_SelectCCDMA                                   Libraries\STM32F10x_StdPeriph_Driver\src\stm32f10x_tim.o
TIM_SelectCOM                                     Libraries\STM32F10x_StdPeriph_Driver\src\stm32f10x_tim.o
TIM_SelectHallSensor                              Libraries\STM32F10x_StdPeriph_Driver\src\stm32f10x_tim.o
TIM_SelectInputTrigger                            Libraries\STM32F10x_StdPeriph_Driver\src\stm32f10x_tim.o
TIM_SelectMasterSlaveMode                         Libraries\STM32F10x_StdPeriph_Driver\src\stm32f10x_tim.o
TIM_SelectOCxM                                    Libraries\STM32F10x_StdPeriph_Driver\src\stm32f10x_tim.o
TIM_SelectOnePulseMode                            Libraries\STM32F10x_StdPeriph_Driver\src\stm32f10x_tim.o
TIM_SelectOutputTrigger                           Libraries\STM32F10x_StdPeriph_Driver\src\stm32f10x_tim.o