stm32f1xx_it.c:58:6:NMI_Handler	4	static
stm32f1xx_it.c:66:6:HardFault_Handler	4	static
stm32f1xx_it.c:77:6:MemManage_Handler	4	static
stm32f1xx_it.c:88:6:BusFault_Handler	4	static
stm32f1xx_it.c:99:6:UsageFault_Handler	4	static
stm32f1xx_it.c:110:6:USART2_IRQHandler	16	static
stm32f1xx_it.c:155:6:EXTI0_IRQHandler	8	static
stm32f1xx_it.c:170:6:SVC_Handler	4	static
stm32f1xx_it.c:178:6:DebugMon_Handler	4	static
stm32f1xx_it.c:186:6:PendSV_Handler	4	static
stm32f1xx_it.c:194:6:SysTick_Handler	4	static
