stm32f1xx_it.c:57:6:NMI_Handler	4	static
stm32f1xx_it.c:66:6:HardFault_Handler	4	static
stm32f1xx_it.c:79:6:MemManage_Handler	4	static
stm32f1xx_it.c:92:6:BusFault_Handler	4	static
stm32f1xx_it.c:105:6:UsageFault_Handler	4	static
stm32f1xx_it.c:118:6:SVC_Handler	4	static
stm32f1xx_it.c:127:6:DebugMon_Handler	4	static
stm32f1xx_it.c:136:6:PendSV_Handler	4	static
stm32f1xx_it.c:145:6:SysTick_Handler	8	static
stm32f1xx_it.c:161:6:EXTI15_10_IRQHandler	8	static
stm32f1xx_it.c:183:6:USART2_IRQHandler	16	static
