stm32f1xx_it.c:55:6:NMI_Handler	4	static
stm32f1xx_it.c:64:6:HardFault_Handler	4	static
stm32f1xx_it.c:77:6:MemManage_Handler	4	static
stm32f1xx_it.c:90:6:BusFault_Handler	4	static
stm32f1xx_it.c:103:6:UsageFault_Handler	4	static
stm32f1xx_it.c:116:6:SVC_Handler	4	static
stm32f1xx_it.c:125:6:DebugMon_Handler	4	static
stm32f1xx_it.c:134:6:PendSV_Handler	4	static
stm32f1xx_it.c:143:6:SysTick_Handler	8	static
stm32f1xx_it.c:159:6:EXTI15_10_IRQHandler	8	static
stm32f1xx_it.c:181:6:USART2_IRQHandler	8	static
